******************************************************************************
                  TI ARM Linker PC v18.1.5                     
******************************************************************************
>> Linked Mon Mar 18 19:53:16 2019

OUTPUT FILE NAME:   <PaddleGamesRTOS.out>
ENTRY POINT SYMBOL: "_c_int00"  address: 000090bd


MEMORY CONFIGURATION

         name            origin    length      used     unused   attr    fill
----------------------  --------  ---------  --------  --------  ----  --------
  FLASH                 00000000   00040000  00010b5c  0002f4a4  R  X
  SRAM                  20000000   00008000  00002b20  000054e0  RW X


SEGMENT ALLOCATION MAP

run origin  load origin   length   init length attrs members
----------  ----------- ---------- ----------- ----- -------
00000000    00000000    00010b68   00010b68    r-x
  00000000    00000000    0000003c   0000003c    r-- .resetVecs
  00000040    00000040    0000b18a   0000b18a    r-x .text
  0000b1cc    0000b1cc    000056e6   000056e6    r-- .const
  000108b8    000108b8    000002b0   000002b0    r-- .cinit
20000000    20000000    00000360   00000000    rw-
  20000000    20000000    00000360   00000000    rw- .vecs
20000380    20000380    000027c0   00000000    rw-
  20000380    20000380    00001d30   00000000    rw- .bss
  200020b0    200020b0    00000690   00000000    rw- .data
  20002740    20002740    00000400   00000000    rw- .stack


SECTION ALLOCATION MAP

 output                                  attributes/
section   page    origin      length       input sections
--------  ----  ----------  ----------   ----------------
.resetVecs 
*          0    00000000    0000003c     
                  00000000    0000003c     empty_pem4f.oem4f (.resetVecs)

.text      0    00000040    0000b18a     
                  00000040    000014d4     paddle games.obj (.text:setColorByNumber)
                  00001514    00000a5e     rtsv7M4_T_le_v4SPD16_eabi.lib : _printfi.c.obj (.text:__TI_printfi)
                  00001f72    00000006     driverlib.lib : gpio.obj (.text:GPIOPinRead)
                  00001f78    00000430     sysbios.aem4f : BIOS.obj (.text:ti_sysbios_family_arm_m3_Hwi_excDumpRegs__I)
                  000023a8    0000034c     ti.targets.arm.rtsarm.aem4f : System.oem4f (.text:xdc_runtime_System_doPrint__I)
                  000026f4    00000004     rtsv7M4_T_le_v4SPD16_eabi.lib : exit.c.obj (.text:abort:abort)
                  000026f8    0000031c     sysbios.aem4f : BIOS.obj (.text:ti_sysbios_knl_Semaphore_pend__E)
                  00002a14    000002a0     paddle games.obj (.text:getLevelBlock)
                  00002cb4    00000270     rtsv7M4_T_le_v4SPD16_eabi.lib : _printfi.c.obj (.text:_pconv_a)
                  00002f24    00000256     grlib.lib : string.obj (.text:GrFontGlyphRender)
                  0000317a    00000006     driverlib.lib : gpio.obj (.text:GPIOPinWrite)
                  00003180    000001fc     sysbios.aem4f : BIOS.obj (.text:ti_sysbios_family_arm_m3_Hwi_excHandlerMax__I)
                  0000337c    000001e4     Kentec320x240x16_ssd2119_spi.obj (.text:Kentec320x240x16_SSD2119Init)
                  00003560    000001dc     Kentec320x240x16_ssd2119_spi.obj (.text:Kentec320x240x16_SSD2119PixelDrawMultiple)
                  0000373c    000001dc     paddle games.obj (.text:checkForBlock)
                  00003918    000001d0     rtsv7M4_T_le_v4SPD16_eabi.lib : _printfi.c.obj (.text:_pconv_g)
                  00003ae8    000001b6                                   : fd_add_t2.asm.obj (.text)
                  00003c9e    00000002                                   : _lock.c.obj (.text:_nop)
                  00003ca0    00000178     sysbios.aem4f : BIOS.obj (.text:ti_sysbios_family_arm_lm4_TimestampProvider_get64__E)
                  00003e18    00000174                   : BIOS.obj (.text:ti_sysbios_family_arm_m3_Hwi_excBusFault__I)
                  00003f8c    00000004     empty_pem4f.oem4f (.text:malloc)
                  00003f90    00000168     sysbios.aem4f : BIOS.obj (.text:ti_sysbios_family_arm_lm4_Timer_start__E)
                  000040f8    00000164                   : BIOS.obj (.text:ti_sysbios_family_arm_m3_Hwi_excUsageFault__I)
                  0000425c    00000154     paddle games.obj (.text:drawSelection)
                  000043b0    00000148     sysbios.aem4f : BIOS.obj (.text:ti_sysbios_family_arm_m3_Hwi_excMemFault__I)
                  000044f8    00000146     grlib.lib : circle.obj (.text:GrCircleFill)
                  0000463e    00000002     empty_pem4f.oem4f (.text:free)
                  00004640    00000144     ti.targets.arm.rtsarm.aem4f : HeapStd.oem4f (.text:xdc_runtime_HeapStd_alloc__E)
                  00004784    00000004     empty_pem4f.oem4f (.text:ti_sysbios_BIOS_RtsGateProxy_enter__E)
                  00004788    00000140     sysbios.aem4f : BIOS.obj (.text:ti_sysbios_knl_Semaphore_post__E)
                  000048c8    0000013c     rtsv7M4_T_le_v4SPD16_eabi.lib : _printfi.c.obj (.text:_pconv_e)
                  00004a04    00000004     empty_pem4f.oem4f (.text:ti_sysbios_BIOS_RtsGateProxy_leave__E)
                  00004a08    0000013c     sysbios.aem4f : BIOS.obj (.text:ti_sysbios_knl_Clock_workFunc__E)
                  00004b44    00000004                   : BIOS.obj (.text:ti_sysbios_family_arm_lm4_Timer_masterEnable__I)
                  00004b48    00000138                   : BIOS.obj (.text:ti_sysbios_family_arm_m3_Hwi_dispatchC__I)
                  00004c80    00000138     empty_pem4f.oem4f (.text:ti_uia_loggers_LoggerStopMode_writeMemoryRange__E)
                  00004db8    00000136     rtsv7M4_T_le_v4SPD16_eabi.lib : fd_div_t2.asm.obj (.text)
                  00004eee    00000132     driverlib.lib : gpio.obj (.text:GPIOPadConfigSet)
                  00005020    00000124     rtsv7M4_T_le_v4SPD16_eabi.lib : _printfi.c.obj (.text:fcvt)
                  00005144    00000004     empty_pem4f.oem4f (.text:ti_sysbios_family_arm_m3_TaskSupport_Module__startupDone__S)
                  00005148    0000011c     sysbios.aem4f : BIOS.obj (.text:ti_sysbios_knl_Swi_run__I)
                  00005264    00000118     ti.targets.arm.rtsarm.aem4f : Error.oem4f (.text:xdc_runtime_Error_policyDefault__E)
                  0000537c    00000110     rtsv7M4_T_le_v4SPD16_eabi.lib : s_scalbn.c.obj (.text:scalbn)
                  0000548c    0000010c     Kentec320x240x16_ssd2119_spi.obj (.text:Kentec320x240x16_SSD2119RectFill)
                  00005598    0000010c     empty_pem4f.oem4f (.text:ti_uia_loggers_LoggerStopMode_write8__E)
                  000056a4    00000106     grlib.lib : line.obj (.text:GrLineDraw)
                  000057aa    00000002     rtsv7M4_T_le_v4SPD16_eabi.lib : div0.asm.obj (.text)
                  000057ac    00000104     paddle games.obj (.text:gameOverText)
                  000058b0    00000100     Boot.aem4f : Boot_sysctl.oem4f (.text:ti_catalog_arm_cortexm4_tiva_ce_Boot_sysCtlClockSetI__I)
                  000059b0    00000100     ti.targets.arm.rtsarm.aem4f : Core-mem.oem4f (.text:xdc_runtime_Core_createObject__I)
                  00005ab0    000000fc     rtsv7M4_T_le_v4SPD16_eabi.lib : fd_mul_t2.asm.obj (.text)
                  00005bac    000000f8     ti.targets.arm.rtsarm.aem4f : Startup.oem4f (.text:xdc_runtime_Startup_startMods__I)
                  00005ca4    000000f8     empty_pem4f.oem4f (.text:xdc_runtime_System_printfExtend__I)
                  00005d9c    000000f4     Kentec320x240x16_ssd2119_spi.obj (.text:InitSPILCDInterface)
                  00005e90    000000f4     driverlib.lib : sysctl.obj (.text:SysCtlClockSet)
                  00005f84    000000f4     sysbios.aem4f : m3_Hwi_asm.obj (.text:ti_sysbios_family_arm_m3_Hwi_dispatch__I)
                  00006078    000000f4     empty_pem4f.oem4f (.text:ti_uia_loggers_LoggerStopMode_write4__E)
                  0000616c    000000e8     empty_pem4f.oem4f (.text:ti_uia_loggers_LoggerStopMode_write1__E)
                  00006254    000000e8     empty_pem4f.oem4f (.text:ti_uia_loggers_LoggerStopMode_write2__E)
                  0000633c    000000e4     paddle games.obj (.text:calculatePaddlePos)
                  00006420    000000e4     paddle games.obj (.text:main)
                  00006504    000000e0     paddle games.obj (.text:changeDirection)
                  000065e4    00000004     empty_pem4f.oem4f (.text:ti_sysbios_hal_Timer_TimerProxy_start__E)
                  000065e8    000000d8     sysbios.aem4f : BIOS.obj (.text:ti_sysbios_family_arm_lm4_TimestampProvider_get32__E)
                  000066c0    000000d8     empty_pem4f.oem4f (.text:ti_uia_loggers_LoggerStopMode_write0__E)
                  00006798    000000d0     paddle games.obj (.text:loadLevel)
                  00006868    000000cc     sysbios.aem4f : BIOS.obj (.text:ti_sysbios_knl_Task_schedule__I)
                  00006934    000000cc     ti.targets.arm.rtsarm.aem4f : Core-smem.oem4f (.text:xdc_runtime_Core_constructObject__I)
                  00006a00    000000cc                                 : HeapStd.oem4f (.text:xdc_runtime_HeapStd_Instance_init__E)
                  00006acc    000000c4     grlib.lib : string.obj (.text:GrDefaultStringRenderer)
                  00006b90    000000c4     sysbios.aem4f : BIOS.obj (.text:ti_sysbios_family_arm_m3_Hwi_Module_startup__E)
                  00006c54    000000c0     grlib.lib : line.obj (.text:GrLineClip)
                  00006d14    000000bc     paddle games.obj (.text:drawBoard)
                  00006dd0    000000bc     sysbios.aem4f : BIOS.obj (.text:ti_sysbios_family_arm_m3_Hwi_excDebugMon__I)
                  00006e8c    00000004     empty_pem4f.oem4f (.text:ti_sysbios_hal_Timer_TimerProxy_stop__E)
                  00006e90    000000bc     sysbios.aem4f : BIOS.obj (.text:ti_sysbios_family_arm_m3_Hwi_excHardFault__I)
                  00006f4c    00000004     empty_pem4f.oem4f (.text:ti_sysbios_knl_Clock_TimerProxy_getMaxTicks__E)
                  00006f50    000000bc     sysbios.aem4f : BIOS.obj (.text:ti_sysbios_knl_Task_startCore__E)
                  0000700c    00000004     empty_pem4f.oem4f (.text:ti_sysbios_knl_Clock_TimerProxy_getPeriod__E)
                  00007010    000000bc     sysbios.aem4f : BIOS.obj (.text:ti_sysbios_utils_Load_updateLoads__E)
                  000070cc    00000004     empty_pem4f.oem4f (.text:ti_sysbios_knl_Queue_destruct)
                  000070d0    000000b4     sysbios.aem4f : BIOS.obj (.text:ti_sysbios_gates_GateMutex_enter__E)
                  00007184    00000004     empty_pem4f.oem4f (.text:ti_sysbios_knl_Semaphore_destruct)
                  00007188    000000b4     sysbios.aem4f : BIOS.obj (.text:ti_sysbios_knl_Task_checkStacks__E)
                  0000723c    000000b1     rtsv7M4_T_le_v4SPD16_eabi.lib : _printfi.c.obj (.text:_ltostr)
                  000072ed    00000001     --HOLE-- [fill = 0]
                  000072ee    00000002     empty_pem4f.oem4f (.text:ti_sysbios_BIOS_nullFunc__I)
                  000072f0    000000b0     sysbios.aem4f : BIOS.obj (.text:ti_sysbios_utils_Load_idleFxn__E)
                  000073a0    000000ac                   : BIOS.obj (.text:ti_sysbios_family_arm_lm4_Timer_enableTiva__I)
                  0000744c    00000004     ti.uia.loggers.aem4f : LoggerStopMode.oem4f (.text:ti_uia_loggers_LoggerStopMode_getContents__E)
                  00007450    000000ac     sysbios.aem4f : BIOS.obj (.text:ti_sysbios_knl_Swi_post__E)
                  000074fc    00000004     empty_pem4f.oem4f (.text:ti_uia_loggers_LoggerStopMode_getFilterLevel__E)
                  00007500    000000a8     sysbios.aem4f : BIOS.obj (.text:ti_sysbios_family_arm_lm4_Timer_enableTimers__I)
                  000075a8    000000a8                   : BIOS.obj (.text:ti_sysbios_knl_Task_blockI__E)
                  00007650    000000a8                   : BIOS.obj (.text:ti_sysbios_knl_Task_postInit__I)
                  000076f8    000000a8     paddle games.obj (.text:workThread)
                  000077a0    000000a8     ti.targets.arm.rtsarm.aem4f : HeapStd.oem4f (.text:xdc_runtime_HeapStd_free__E)
                  00007848    000000a0     auto_init.aem4f : auto_init.oem4f (.text)
                  000078e8    000000a0     ti.targets.arm.rtsarm.aem4f : Text.oem4f (.text:xdc_runtime_Text_putMod__E)
                  00007988    0000009c     rtsv7M4_T_le_v4SPD16_eabi.lib : memcpy_t2.asm.obj (.text)
                  00007a24    00000004     ti.uia.loggers.aem4f : LoggerStopMode.oem4f (.text:ti_uia_loggers_LoggerStopMode_getInstanceId__E)
                  00007a28    0000009c     sysbios.aem4f : BIOS.obj (.text:ti_sysbios_knl_Semaphore_Instance_init__E)
                  00007ac4    0000009a     ti.targets.arm.rtsarm.aem4f : Text.oem4f (.text:xdc_runtime_Text_putSite__E)
                  00007b5e    00000002     empty_pem4f.oem4f (.text:ti_uia_loggers_LoggerStopMode_setFilterLevel__E)
                  00007b60    00000098     paddle games.obj (.text:death)
                  00007bf8    00000098     Boot.aem4f : Boot.oem4f (.text:ti_catalog_arm_cortexm4_tiva_ce_Boot_sysCtlClockSet__E)
                  00007c90    00000098     paddle games.obj (.text:updateBall)
                  00007d28    00000096     rtsv7M4_T_le_v4SPD16_eabi.lib : ull_div_t2.asm.obj (.text)
                  00007dbe    00000002     ti.uia.loggers.aem4f : LoggerStopMode.oem4f (.text:ti_uia_loggers_LoggerStopMode_setPriority__E)
                  00007dc0    00000094     paddle games.obj (.text:readPot)
                  00007e54    00000004     ti.uia.loggers.aem4f : LoggerStopMode.oem4f (.text:ti_uia_loggers_LoggerStopMode_getMaxLength__E)
                  00007e58    00000094     sysbios.aem4f : BIOS.obj (.text:ti_sysbios_family_arm_m3_Hwi_initNVIC__E)
                  00007eec    00000004     ti.uia.loggers.aem4f : LoggerStopMode.oem4f (.text:ti_uia_loggers_LoggerStopMode_getPriority__E)
                  00007ef0    00000094     sysbios.aem4f : BIOS.obj (.text:ti_sysbios_knl_Task_exit__E)
                  00007f84    00000004     ti.uia.loggers.aem4f : LoggerStopMode.oem4f (.text:ti_uia_loggers_LoggerStopMode_getTransferType__E)
                  00007f88    00000090     sysbios.aem4f : BIOS.obj (.text:ti_sysbios_knl_Task_unblockI__E)
                  00008018    00000090     ti.uia.loggers.aem4f : LoggerStopMode.oem4f (.text:ti_uia_loggers_LoggerStopMode_initQueueDescriptor__E)
                  000080a8    0000008c     sysbios.aem4f : m3_TaskSupport_asm.obj (.text:ti_sysbios_family_arm_m3_TaskSupport_buildTaskStack)
                  00008134    00000086     grlib.lib : rectangle.obj (.text:GrRectFill)
                  000081ba    00000086     rtsv7M4_T_le_v4SPD16_eabi.lib : fd_cmp_t2.asm.obj (.text:__aeabi_cdcmple)
                  00008240    00000086                                   : fd_cmp_t2.asm.obj (.text:__aeabi_cdrcmple)
                  000082c6    00000002     empty_pem4f.oem4f (.text:xdc_runtime_Startup_reset__I)
                  000082c8    00000084     paddle games.obj (.text:checkCollision)
                  0000834c    00000084     paddle games.obj (.text:doScore)
                  000083d0    00000084     paddle games.obj (.text:hardwareInit)
                  00008454    0000007a     driverlib.lib : adc.obj (.text:ADCSequenceStepConfigure)
                  000084ce    0000007a     rtsv7M4_T_le_v4SPD16_eabi.lib : memset_t2.asm.obj (.text)
                  00008548    00000074     ti.uia.runtime.aem4f : QueueDescriptor.oem4f (.text:ti_uia_runtime_QueueDescriptor_addToList__E)
                  000085bc    0000006e     rtsv7M4_T_le_v4SPD16_eabi.lib : _printfi.c.obj (.text:_mcpy)
                  0000862a    00000006     grlib.lib : string.obj (.text:GrContextFontSet)
                  00008630    0000006c     sysbios.aem4f : BIOS.obj (.text:ti_sysbios_knl_Swi_restoreHwi__E)
                  0000869c    0000006c     ti.targets.arm.rtsarm.aem4f : Error.oem4f (.text:xdc_runtime_Error_print__E)
                  00008708    0000006c                                 : Memory.oem4f (.text:xdc_runtime_Memory_alloc__E)
                  00008774    0000006a     grlib.lib : string.obj (.text:GrStringWidthGet)
                  000087de    00000002     --HOLE-- [fill = 0]
                  000087e0    00000068               : context.obj (.text:GrContextInit)
                  00008848    00000068     Kentec320x240x16_ssd2119_spi.obj (.text:Kentec320x240x16_SSD2119LineDrawH)
                  000088b0    00000068     Kentec320x240x16_ssd2119_spi.obj (.text:Kentec320x240x16_SSD2119LineDrawV)
                  00008918    00000068     rtsv7M4_T_le_v4SPD16_eabi.lib : copy_decompress_lzss.c.obj (.text:decompress:lzss:__TI_decompress_lzss)
                  00008980    00000068     paddle games.obj (.text:drawRectangle)
                  000089e8    00000066     grlib.lib : rectangle.obj (.text:GrRectDraw)
                  00008a4e    00000066     ti.uia.loggers.aem4f : LoggerStopMode.oem4f (.text:ti_uia_loggers_LoggerStopMode_flush__E)
                  00008ab4    00000066     ti.targets.arm.rtsarm.aem4f : Core-mem.oem4f (.text:xdc_runtime_Core_deleteObject__I)
                  00008b1a    00000002     --HOLE-- [fill = 0]
                  00008b1c    00000064     rtsv7M4_T_le_v4SPD16_eabi.lib : s_frexp.c.obj (.text:frexp)
                  00008b80    00000064     sysbios.aem4f : BIOS.obj (.text:ti_sysbios_family_arm_lm4_Timer_Module_startup__E)
                  00008be4    00000064     ti.targets.arm.rtsarm.aem4f : System.oem4f (.text:xdc_runtime_System_formatNum__I)
                  00008c48    00000060     Kentec320x240x16_ssd2119_spi.obj (.text:WriteDataSPI)
                  00008ca8    00000060     paddle games.obj (.text:breakoutReset)
                  00008d08    00000060     paddle games.obj (.text:pongReset)
                  00008d68    00000060     sysbios.aem4f : BIOS.obj (.text:ti_sysbios_family_arm_lm4_Timer_isrStub__E)
                  00008dc8    00000060                   : BIOS.obj (.text:ti_sysbios_knl_Clock_logTick__E)
                  00008e28    00000060                   : BIOS.obj (.text:ti_sysbios_utils_Load_logCPULoad__I)
                  00008e88    00000060     paddle games.obj (.text:updateScoreBoard)
                  00008ee8    0000005c     Kentec320x240x16_ssd2119_spi.obj (.text:WriteCommandSPI)
                  00008f44    00000004     ti.targets.arm.rtsarm.aem4f : Error.oem4f (.text:xdc_runtime_Error_getSite__E)
                  00008f48    0000005c     sysbios.aem4f : BIOS.obj (.text:ti_sysbios_knl_Swi_schedule__I)
                  00008fa4    00000004     ti.targets.arm.rtsarm.aem4f : HeapStd.oem4f (.text:xdc_runtime_HeapStd_isBlocking__E)
                  00008fa8    0000005c     sysbios.aem4f : BIOS.obj (.text:ti_sysbios_knl_Task_Module_startup__E)
                  00009004    0000005b     ti.targets.arm.rtsarm.aem4f : Text.oem4f (.text:xdc_runtime_Text_putLab__E)
                  0000905f    00000001     --HOLE-- [fill = 0]
                  00009060    0000005a     grlib.lib : string.obj (.text:FontWideGlyphDataGet)
                  000090ba    00000002     --HOLE-- [fill = 0]
                  000090bc    00000058     boot.aem4f : boot.oem4f (.text)
                  00009114    00000058     rtsv7M4_T_le_v4SPD16_eabi.lib : hostwrite.c.obj (.text:HOSTwrite)
                  0000916c    00000058     sysbios.aem4f : m3_Hwi_asm_switch.obj (.text:ti_sysbios_family_arm_m3_Hwi_initStacks__E)
                  000091c4    00000058     empty_pem4f.oem4f (.text:xdc_runtime_HeapStd_Object__create__S)
                  0000921c    00000056     rtsv7M4_T_le_v4SPD16_eabi.lib : _printfi.c.obj (.text:_pconv_f)
                  00009272    00000054                                   : ltoa.c.obj (.text:ltoa)
                  000092c6    00000002     --HOLE-- [fill = 0]
                  000092c8    00000054     ti.targets.arm.rtsarm.aem4f : Assert.oem4f (.text:xdc_runtime_Assert_raise__I)
                  0000931c    00000052     rtsv7M4_T_le_v4SPD16_eabi.lib : _printfi.c.obj (.text:_ecpy)
                  0000936e    00000050     driverlib.lib : adc.obj (.text:ADCSequenceConfigure)
                  000093be    00000002     --HOLE-- [fill = 0]
                  000093c0    00000050     paddle games.obj (.text:drawCircle)
                  00009410    00000050     paddle games.obj (.text:drawRectangleNoColor)
                  00009460    00000050     ti.targets.arm.rtsarm.aem4f : Startup.oem4f (.text:xdc_runtime_Startup_exec__E)
                  000094b0    00000050                                 : Text.oem4f (.text:xdc_runtime_Text_visitRope2__I)
                  00009500    0000004c     rtsv7M4_T_le_v4SPD16_eabi.lib : atoi.c.obj (.text:atoi)
                  0000954c    0000004c                                   : cpy_tbl.c.obj (.text:copy_in)
                  00009598    0000004c     paddle games.obj (.text:doLevel)
                  000095e4    0000004c     paddle games.obj (.text:doLives)
                  00009630    0000004c     paddle games.obj (.text:resetBall)
                  0000967c    00000004     empty_pem4f.oem4f (.text:xdc_runtime_System_Module_GateProxy_enter__E)
                  00009680    0000004c     sysbios.aem4f : BIOS.obj (.text:ti_sysbios_knl_Swi_runLoop__I)
                  000096cc    00000004     empty_pem4f.oem4f (.text:xdc_runtime_System_Module_GateProxy_leave__E)
                  000096d0    0000004c     sysbios.aem4f : BIOS.obj (.text:ti_sysbios_knl_Task_allBlockedFunction__I)
                  0000971c    0000004c     ti.uia.loggers.aem4f : LoggerStopMode.oem4f (.text:ti_uia_loggers_LoggerStopMode_Module_startup__E)
                  00009768    0000004a     grlib.lib : string.obj (.text:UpdateContextCharMapping)
                  000097b2    00000002     --HOLE-- [fill = 0]
                  000097b4    00000048     driverlib.lib : gpio.obj (.text:GPIOPinConfigure)
                  000097fc    00000048     rtsv7M4_T_le_v4SPD16_eabi.lib : fd_toi_t2.asm.obj (.text)
                  00009844    00000004     ti.targets.arm.rtsarm.aem4f : System.oem4f (.text:xdc_runtime_System_aprintf_va__F)
                  00009848    00000048     sysbios.aem4f : BIOS.obj (.text:ti_sysbios_family_arm_m3_Hwi_disableInterrupt__E)
                  00009890    00000048                   : BIOS.obj (.text:ti_sysbios_family_arm_m3_Hwi_enableInterrupt__E)
                  000098d8    00000048                   : BIOS.obj (.text:ti_sysbios_family_arm_m3_Hwi_excReserved__I)
                  00009920    00000046     grlib.lib : line.obj (.text:GrLineDrawH)
                  00009966    00000046               : line.obj (.text:GrLineDrawV)
                  000099ac    00000046     Kentec320x240x16_ssd2119_spi.obj (.text:Kentec320x240x16_SSD2119PixelDraw)
                  000099f2    00000046     ti.targets.arm.rtsarm.aem4f : Core-params.oem4f (.text:xdc_runtime_Core_assignParams__I)
                  00009a38    00000044     sysbios.aem4f : BIOS.obj (.text:ti_sysbios_family_arm_lm4_Timer_stop__E)
                  00009a7c    00000004     ti.targets.arm.rtsarm.aem4f : System.oem4f (.text:xdc_runtime_System_printf_va__F)
                  00009a80    00000044     sysbios.aem4f : BIOS.obj (.text:ti_sysbios_family_arm_m3_Hwi_getStackInfo__E)
                  00009ac4    00000044     ti.uia.loggers.aem4f : LoggerStopMode.oem4f (.text:ti_uia_loggers_LoggerStopMode_initBuffer__I)
                  00009b08    00000044     paddle games.obj (.text:updatePaddle)
                  00009b4c    00000044     ti.targets.arm.rtsarm.aem4f : Error.oem4f (.text:xdc_runtime_Error_setX__E)
                  00009b90    00000044                                 : SysMin.oem4f (.text:xdc_runtime_SysMin_flush__E)
                  00009bd4    00000044                                 : Text.oem4f (.text:xdc_runtime_Text_xprintf__I)
                  00009c18    00000040     paddle games.obj (.text:drawLine)
                  00009c58    00000040     rtsv7M4_T_le_v4SPD16_eabi.lib : u_divt2.asm.obj (.text)
                  00009c98    00000040                                   : sprintf.c.obj (.text:sprintf)
                  00009cd8    00000040     sysbios.aem4f : BIOS.obj (.text:ti_sysbios_family_arm_lm4_Timer_startup__E)
                  00009d18    0000003e     rtsv7M4_T_le_v4SPD16_eabi.lib : _printfi.c.obj (.text:_fcpy)
                  00009d56    0000003c     driverlib.lib : ssi.obj (.text:SSIConfigSetExpClk)
                  00009d92    0000003c     paddle games.obj (.text:removeBlock)
                  00009dce    00000002     --HOLE-- [fill = 0]
                  00009dd0    0000003c     sysbios.aem4f : BIOS.obj (.text:ti_sysbios_family_arm_m3_Hwi_excSvCall__I)
                  00009e0c    00000004     --HOLE-- [fill = 0]
                  00009e10    0000003c                   : BIOS.obj (.text:ti_sysbios_family_arm_m3_TaskSupport_start__E)
                  00009e4c    00000004     --HOLE-- [fill = 0]
                  00009e50    0000003c                   : BIOS.obj (.text:ti_sysbios_heaps_HeapMem_init__I)
                  00009e8c    00000004     --HOLE-- [fill = 0]
                  00009e90    0000003c                   : BIOS.obj (.text:ti_sysbios_knl_Swi_restore__E)
                  00009ecc    0000003a     grlib.lib : string.obj (.text:FontGlyphDataGet)
                  00009f06    00000002     --HOLE-- [fill = 0]
                  00009f08    00000038     rtsv7M4_T_le_v4SPD16_eabi.lib : trgmsg.c.obj (.text:__TI_writemsg)
                  00009f40    00000038     sysbios.aem4f : BIOS.obj (.text:ti_sysbios_family_arm_m3_Hwi_excNoIsr__I)
                  00009f78    00000038                   : BIOS.obj (.text:ti_sysbios_knl_Task_processVitalTaskFlag__I)
                  00009fb0    00000038     ti.targets.arm.rtsarm.aem4f : SysMin.oem4f (.text:xdc_runtime_SysMin_putch__E)
                  00009fe8    00000038                                 : System.oem4f (.text:xdc_runtime_System_atexit__E)
                  0000a020    00000036     grlib.lib : line.obj (.text:GrClipCodeGet)
                  0000a056    00000002     --HOLE-- [fill = 0]
                  0000a058    00000034     driverlib.lib : sysctl.obj (.text:SysCtlPeripheralEnable)
                  0000a08c    00000034     rtsv7M4_T_le_v4SPD16_eabi.lib : trgmsg.c.obj (.text:__TI_readmsg)
                  0000a0c0    00000034     sysbios.aem4f : BIOS.obj (.text:ti_sysbios_family_arm_m3_Hwi_excNmi__I)
                  0000a0f4    00000004     --HOLE-- [fill = 0]
                  0000a0f8    00000034                   : BIOS.obj (.text:ti_sysbios_hal_Hwi_checkStack)
                  0000a12c    00000034     ti.uia.loggers.aem4f : LoggerStopMode.oem4f (.text:ti_uia_loggers_LoggerStopMode_reset__E)
                  0000a160    00000034     ti.targets.arm.rtsarm.aem4f : Core-label.oem4f (.text:xdc_runtime_Core_assignLabel__I)
                  0000a194    00000033                                 : Text.oem4f (.text:xdc_runtime_Text_printVisFxn__I)
                  0000a1c7    00000001     --HOLE-- [fill = 0]
                  0000a1c8    00000032     sysbios.aem4f : BIOS.obj (.text:ti_sysbios_hal_Hwi_initStack)
                  0000a1fa    00000006     driverlib.lib : sysctl.obj (.text:SysCtlDelay)
                  0000a200    00000032     sysbios.aem4f : BIOS.obj (.text:ti_sysbios_knl_Semaphore_pendTimeout__I)
                  0000a232    00000002     --HOLE-- [fill = 0]
                  0000a234    00000030     empty_pem4f.oem4f (.text:ti_sysbios_BIOS_atExitFunc__I)
                  0000a264    00000030     empty_pem4f.oem4f (.text:ti_sysbios_gates_GateHwi_Object__create__S)
                  0000a294    00000030     empty_pem4f.oem4f (.text:ti_sysbios_gates_GateMutex_Object__create__S)
                  0000a2c4    00000030     empty_pem4f.oem4f (.text:ti_sysbios_knl_Semaphore_construct)
                  0000a2f4    00000004     --HOLE-- [fill = 0]
                  0000a2f8    00000030     sysbios.aem4f : BIOS.obj (.text:ti_sysbios_utils_Load_updateCurrentThreadTime__E)
                  0000a328    00000030     empty_pem4f.oem4f (.text:ti_uia_loggers_LoggerStopMode_Object__create__S)
                  0000a358    00000030     ti.targets.arm.rtsarm.aem4f : SysMin.oem4f (.text:xdc_runtime_SysMin_abort__E)
                  0000a388    00000030                                 : System.oem4f (.text:xdc_runtime_System_processAtExit__E)
                  0000a3b8    0000002e     driverlib.lib : adc.obj (.text:ADCIntStatus)
                  0000a3e6    0000002e     grlib.lib : string.obj (.text:GrStringNextCharGet)
                  0000a414    0000002e     rtsv7M4_T_le_v4SPD16_eabi.lib : i_tofd_t2.asm.obj (.text)
                  0000a442    0000002c     grlib.lib : string.obj (.text:GrFontBaselineGet)
                  0000a46e    00000002     --HOLE-- [fill = 0]
                  0000a470    0000002c     empty_pem4f.oem4f (.text:ti_sysbios_knl_Clock_doTick__I)
                  0000a49c    0000002c     empty_pem4f.oem4f (.text:ti_sysbios_knl_Queue_construct)
                  0000a4c8    0000002c     sysbios.aem4f : BIOS.obj (.text:ti_sysbios_knl_Task_restore__E)
                  0000a4f4    0000002c     ti.targets.arm.rtsarm.aem4f : Text.oem4f (.text:xdc_runtime_Text_cordText__E)
                  0000a520    0000002a     driverlib.lib : gpio.obj (.text:GPIODirModeSet)
                  0000a54a    0000002a     ti.targets.arm.rtsarm.aem4f : System.oem4f (.text:xdc_runtime_System_putchar__I)
                  0000a574    00000028     Kentec320x240x16_ssd2119_spi.obj (.text:Kentec320x240x16_SSD2119ColorTranslate)
                  0000a59c    00000028     paddle games.obj (.text:clearBoard)
                  0000a5c4    00000028     paddle games.obj (.text:getNewXPos)
                  0000a5ec    00000028     paddle games.obj (.text:getNewYPos)
                  0000a614    00000004     --HOLE-- [fill = 0]
                  0000a618    00000028     sysbios.aem4f : BIOS.obj (.text:ti_sysbios_knl_Swi_Module_startup__E)
                  0000a640    00000026     grlib.lib : string.obj (.text:GrFontInfoGet)
                  0000a666    00000026     sysbios.aem4f : m3_Hwi_asm.obj (.text:ti_sysbios_family_arm_m3_Hwi_pendSV__I)
                  0000a68c    00000026     ti.targets.arm.rtsarm.aem4f : System.oem4f (.text:xdc_runtime_System_avprintf__E)
                  0000a6b2    00000002     --HOLE-- [fill = 0]
                  0000a6b4    00000024     paddle games.obj (.text:gameOver)
                  0000a6d8    00000024     empty_pem4f.oem4f (.text:ti_sysbios_BIOS_errorRaiseHook__I)
                  0000a6fc    00000024     empty_pem4f.oem4f (.text:ti_sysbios_BIOS_registerRTSLock__I)
                  0000a720    00000024     empty_pem4f.oem4f (.text:ti_sysbios_BIOS_removeRTSLock__I)
                  0000a744    00000024     empty_pem4f.oem4f (.text:ti_sysbios_BIOS_startFunc__I)
                  0000a768    00000024     sysbios.aem4f : BIOS.obj (.text:ti_sysbios_family_arm_m3_Hwi_doTaskRestore__I)
                  0000a78c    00000024     empty_pem4f.oem4f (.text:ti_sysbios_gates_GateMutex_Object__delete__S)
                  0000a7b0    00000024     sysbios.aem4f : BIOS.obj (.text:ti_sysbios_knl_Clock_Module_startup__E)
                  0000a7d4    00000024     ti.targets.arm.rtsarm.aem4f : System.oem4f (.text:xdc_runtime_System_vprintf__E)
                  0000a7f8    00000022     grlib.lib : string.obj (.text:GrFontGlyphDataGet)
                  0000a81a    00000006     Boot.aem4f : Boot_sysctl.oem4f (.text:ti_catalog_arm_cortexm4_tiva_ce_Boot_sysCtlDelayI__I)
                  0000a820    00000022     sysbios.aem4f : BIOS.obj (.text:ti_sysbios_family_arm_lm4_Timer_write__I)
                  0000a842    00000022     empty_pem4f.oem4f (.text:xdc_runtime_SysMin_output__I)
                  0000a864    00000020     empty_pem4f.oem4f (.text:ti_sysbios_BIOS_rtsLock__I)
                  0000a884    00000020     sysbios.aem4f : m3_Hwi_asm.obj (.text:ti_sysbios_family_arm_m3_Hwi_excHandlerAsm__I)
                  0000a8a4    00000004     --HOLE-- [fill = 0]
                  0000a8a8    00000020                   : BIOS.obj (.text:ti_sysbios_family_arm_m3_Hwi_excHandler__I)
                  0000a8c8    00000020     empty_pem4f.oem4f (.text:ti_sysbios_gates_GateHwi_Object__delete__S)
                  0000a8e8    00000020     sysbios.aem4f : BIOS.obj (.text:ti_sysbios_knl_Idle_run__E)
                  0000a908    00000020     empty_pem4f.oem4f (.text:ti_sysbios_knl_Semaphore_Object__destruct__S)
                  0000a928    00000020     empty_pem4f.oem4f (.text:ti_uia_loggers_LoggerStopMode_Object__delete__S)
                  0000a948    00000020     ti.targets.arm.rtsarm.aem4f : Registry.oem4f (.text:xdc_runtime_Registry_findById__E)
                  0000a968    00000020                                 : SysMin.oem4f (.text:xdc_runtime_SysMin_Module_startup__E)
                  0000a988    0000001e     driverlib.lib : adc.obj (.text:ADCSequenceDataGet)
                  0000a9a6    0000001e     grlib.lib : string.obj (.text:GrFontCodepageGet)
                  0000a9c4    0000001e     sysbios.aem4f : m3_Hwi_asm_switch.obj (.text:ti_sysbios_family_xxx_Hwi_switchAndRunFunc)
                  0000a9e2    0000001c     rtsv7M4_T_le_v4SPD16_eabi.lib : memccpy.c.obj (.text:memccpy)
                  0000a9fe    00000002     --HOLE-- [fill = 0]
                  0000aa00    0000001c     sysbios.aem4f : BIOS.obj (.text:ti_sysbios_gates_GateMutex_Instance_init__E)
                  0000aa1c    0000001c     empty_pem4f.oem4f (.text:ti_sysbios_knl_Queue_Object__destruct__S)
                  0000aa38    0000001c     sysbios.aem4f : BIOS.obj (.text:ti_sysbios_knl_Task_enter__I)
                  0000aa54    0000001c     ti.uia.loggers.aem4f : LoggerStopMode.oem4f (.text:ti_uia_loggers_LoggerStopMode_Instance_init__E)
                  0000aa70    0000001c     ti.targets.arm.rtsarm.aem4f : Error.oem4f (.text:xdc_runtime_Error_raiseX__E)
                  0000aa8c    0000001c     empty_pem4f.oem4f (.text:xdc_runtime_HeapStd_Object__delete__S)
                  0000aaa8    0000001c     ti.targets.arm.rtsarm.aem4f : Memory.oem4f (.text:xdc_runtime_Memory_valloc__E)
                  0000aac4    0000001c                                 : SysMin.oem4f (.text:xdc_runtime_SysMin_exit__E)
                  0000aae0    0000001c                                 : System.oem4f (.text:xdc_runtime_System_abort__E)
                  0000aafc    0000001a     empty_pem4f.oem4f (.text:ti_sysbios_family_arm_m3_Hwi_Handle__label__S)
                  0000ab16    0000001a     empty_pem4f.oem4f (.text:ti_sysbios_gates_GateHwi_Handle__label__S)
                  0000ab30    0000001a     empty_pem4f.oem4f (.text:ti_sysbios_gates_GateMutex_Handle__label__S)
                  0000ab4a    0000001a     empty_pem4f.oem4f (.text:ti_sysbios_knl_Swi_Handle__label__S)
                  0000ab64    0000001a     empty_pem4f.oem4f (.text:ti_sysbios_knl_Task_Handle__label__S)
                  0000ab7e    0000001a     empty_pem4f.oem4f (.text:ti_uia_loggers_LoggerStopMode_Handle__label__S)
                  0000ab98    0000001a     empty_pem4f.oem4f (.text:xdc_runtime_HeapStd_Handle__label__S)
                  0000abb2    0000001a     empty_pem4f.oem4f (.text:xdc_runtime_System_aprintf__E)
                  0000abcc    0000001a     empty_pem4f.oem4f (.text:xdc_runtime_System_printf__E)
                  0000abe6    00000018     driverlib.lib : adc.obj (.text:ADCProcessorTrigger)
                  0000abfe    00000018                   : gpio.obj (.text:GPIOPinTypeGPIOOutput)
                  0000ac16    00000002     --HOLE-- [fill = 0]
                  0000ac18    00000018     rtsv7M4_T_le_v4SPD16_eabi.lib : args_main.c.obj (.text:_args_main)
                  0000ac30    00000018                                   : sprintf.c.obj (.text:_outs)
                  0000ac48    00000018     empty_pem4f.oem4f (.text:ti_sysbios_BIOS_rtsUnlock__I)
                  0000ac60    00000018     empty_pem4f.oem4f (.text:ti_sysbios_family_arm_lm4_Timer_Module__startupDone__F)
                  0000ac78    00000018     empty_pem4f.oem4f (.text:ti_sysbios_family_arm_m3_Hwi_Module__startupDone__F)
                  0000ac90    00000018     sysbios.aem4f : m3_TaskSupport_asm.obj (.text:ti_sysbios_family_arm_m3_TaskSupport_swap__E)
                  0000aca8    00000018                   : BIOS.obj (.text:ti_sysbios_gates_GateMutex_leave__E)
                  0000acc0    00000018     ti.targets.arm.rtsarm.aem4f : Error.oem4f (.text:xdc_runtime_Error_check__E)
                  0000acd8    00000018                                 : System.oem4f (.text:xdc_runtime_System_exit__E)
                  0000acf0    00000018                                 : Text.oem4f (.text:xdc_runtime_Text_ropeText__E)
                  0000ad08    00000016     grlib.lib : string.obj (.text:GrStringDraw)
                  0000ad1e    00000016     rtsv7M4_T_le_v4SPD16_eabi.lib : strchr.c.obj (.text:strchr)
                  0000ad34    00000016     empty_pem4f.oem4f (.text:ti_sysbios_BIOS_exitFunc__I)
                  0000ad4a    00000016     ti.uia.loggers.aem4f : LoggerStopMode.oem4f (.text:ti_uia_loggers_LoggerStopMode_disable__E)
                  0000ad60    00000016                          : LoggerStopMode.oem4f (.text:ti_uia_loggers_LoggerStopMode_enable__E)
                  0000ad76    00000016     paddle games.obj (.text:waitForButtonPress)
                  0000ad8c    00000014     Kentec320x240x16_ssd2119_spi.obj (.text:LED_OFF)
                  0000ada0    00000014     Kentec320x240x16_ssd2119_spi.obj (.text:LED_ON)
                  0000adb4    00000014     rtsv7M4_T_le_v4SPD16_eabi.lib : s_copysign.c.obj (.text:copysign)
                  0000adc8    00000014                                   : strlen.c.obj (.text:strlen)
                  0000addc    00000014     empty_pem4f.oem4f (.text:ti_sysbios_family_arm_m3_Hwi_Object__get__S)
                  0000adf0    00000014     sysbios.aem4f : BIOS.obj (.text:ti_sysbios_family_arm_m3_Hwi_switchFromBootStack__E)
                  0000ae04    00000014     empty_pem4f.oem4f (.text:ti_sysbios_knl_Swi_Object__get__S)
                  0000ae18    00000012     driverlib.lib : gpio.obj (.text:GPIOPinTypeGPIOInput)
                  0000ae2a    00000012                   : gpio.obj (.text:GPIOPinTypeSSI)
                  0000ae3c    00000012                   : ssi.obj (.text:SSIDataGetNonBlocking)
                  0000ae4e    00000002     --HOLE-- [fill = 0]
                  0000ae50    00000012     sysbios.aem4f : BIOS.obj (.text:ti_sysbios_hal_Hwi_Module_startup__E)
                  0000ae62    00000006     ti.targets.arm.rtsarm.aem4f : System.oem4f (.text:xdc_runtime_System_Module_startup__E)
                  0000ae68    00000012     sysbios.aem4f : BIOS.obj (.text:ti_sysbios_hal_Timer_Module_startup__E)
                  0000ae7a    00000012     rtsv7M4_T_le_v4SPD16_eabi.lib : wcslen.c.obj (.text:wcslen)
                  0000ae8c    00000012     empty_pem4f.oem4f (.text:xdc_runtime_Startup_exec__I)
                  0000ae9e    00000002     --HOLE-- [fill = 0]
                  0000aea0    00000010     driverlib.lib : fpu.obj (.text:FPUEnable)
                  0000aeb0    00000010                   : fpu.obj (.text:FPULazyStackingEnable)
                  0000aec0    00000010     sysbios.aem4f : BIOS.obj (.text:ti_sysbios_BIOS_getCpuFreq__E)
                  0000aed0    00000010                   : BIOS.obj (.text:ti_sysbios_BIOS_setThreadType__E)
                  0000aee0    00000010                   : BIOS.obj (.text:ti_sysbios_BIOS_start__E)
                  0000aef0    00000010                   : BIOS.obj (.text:ti_sysbios_family_arm_lm4_TimestampProvider_rolloverFunc__E)
                  0000af00    00000010                   : m3_TaskSupport_asm.obj (.text:ti_sysbios_family_arm_m3_TaskSupport_glue)
                  0000af10    00000010                   : BIOS.obj (.text:ti_sysbios_gates_GateMutex_Instance_finalize__E)
                  0000af20    00000010     empty_pem4f.oem4f (.text:ti_sysbios_heaps_HeapMem_Object__get__S)
                  0000af30    00000010     sysbios.aem4f : BIOS.obj (.text:ti_sysbios_knl_Semaphore_Instance_finalize__E)
                  0000af40    00000010                   : BIOS.obj (.text:ti_sysbios_knl_Swi_disable__E)
                  0000af50    00000010     empty_pem4f.oem4f (.text:ti_sysbios_knl_Task_Object__get__S)
                  0000af60    00000010     sysbios.aem4f : BIOS.obj (.text:ti_sysbios_knl_Task_disable__E)
                  0000af70    00000010     empty_pem4f.oem4f (.text:ti_uia_loggers_LoggerStopMode_Object__get__S)
                  0000af80    00000010     ti.uia.loggers.aem4f : LoggerStopMode.oem4f (.text:ti_uia_loggers_LoggerStopMode_isEmpty__E)
                  0000af90    00000010     ti.targets.arm.rtsarm.aem4f : Gate.oem4f (.text:xdc_runtime_Gate_leaveSystem__E)
                  0000afa0    00000010                                 : Memory.oem4f (.text:xdc_runtime_Memory_free__E)
                  0000afb0    00000010                                 : SysMin.oem4f (.text:xdc_runtime_SysMin_ready__E)
                  0000afc0    00000010                                 : System.oem4f (.text:xdc_runtime_System_vsnprintf__E)
                  0000afd0    00000010     empty_pem4f.oem4f (.text:xdc_runtime_Text_visitRope__I)
                  0000afe0    0000000e     driverlib.lib : adc.obj (.text:ADCHardwareOversampleConfigure)
                  0000afee    0000000e                   : adc.obj (.text:ADCSequenceEnable)
                  0000affc    0000000e     rtsv7M4_T_le_v4SPD16_eabi.lib : copy_decompress_none.c.obj (.text:decompress:none:__TI_decompress_none)
                  0000b00a    00000006     --HOLE-- [fill = 0]
                  0000b010    0000000e     sysbios.aem4f : BIOS.obj (.text:ti_sysbios_knl_Idle_loop__E)
                  0000b01e    00000002     --HOLE-- [fill = 0]
                  0000b020    0000000e                   : BIOS.obj (.text:ti_sysbios_knl_Queue_empty__E)
                  0000b02e    0000000e     ti.targets.arm.rtsarm.aem4f : HeapStd.oem4f (.text:xdc_runtime_HeapStd_getStats__E)
                  0000b03c    0000000c     empty_pem4f.oem4f (.text:.bootCodeSection:ti_catalog_arm_cortexm4_tiva_ce_Boot_init__I)
                  0000b048    0000000c     rtsv7M4_T_le_v4SPD16_eabi.lib : _lock.c.obj (.text:_register_lock)
                  0000b054    0000000c                                   : _lock.c.obj (.text:_register_unlock)
                  0000b060    0000000c                                   : copy_zero_init.c.obj (.text:decompress:ZI:__TI_zero_init)
                  0000b06c    00000004     --HOLE-- [fill = 0]
                  0000b070    0000000c     sysbios.aem4f : BIOS.obj (.text:ti_sysbios_family_arm_lm4_Timer_getMaxTicks__E)
                  0000b07c    00000004     --HOLE-- [fill = 0]
                  0000b080    0000000c                   : BIOS.obj (.text:ti_sysbios_family_arm_lm4_TimestampProvider_startTimer__E)
                  0000b08c    00000004     --HOLE-- [fill = 0]
                  0000b090    0000000c                   : BIOS.obj (.text:ti_sysbios_family_arm_m3_Hwi_disableFxn__E)
                  0000b09c    00000004     --HOLE-- [fill = 0]
                  0000b0a0    0000000c                   : BIOS.obj (.text:ti_sysbios_family_arm_m3_TaskSupport_checkStack__E)
                  0000b0ac    00000004     --HOLE-- [fill = 0]
                  0000b0b0    0000000c                   : BIOS.obj (.text:ti_sysbios_gates_GateHwi_enter__E)
                  0000b0bc    0000000c     empty_pem4f.oem4f (.text:ti_sysbios_knl_Queue_Object__get__S)
                  0000b0c8    0000000c     ti.targets.arm.rtsarm.aem4f : Error.oem4f (.text:xdc_runtime_Error_init__E)
                  0000b0d4    0000000c                                 : Gate.oem4f (.text:xdc_runtime_Gate_enterSystem__E)
                  0000b0e0    0000000c                                 : Memory.oem4f (.text:xdc_runtime_Memory_calloc__E)
                  0000b0ec    0000000c                                 : Memory.oem4f (.text:xdc_runtime_Memory_getMaxDefaultTypeAlign__E)
                  0000b0f8    0000000a     driverlib.lib : adc.obj (.text:ADCIntClear)
                  0000b102    0000000a     Kentec320x240x16_ssd2119_spi.obj (.text:Kentec320x240x16_SSD2119Flush)
                  0000b10c    0000000a     driverlib.lib : ssi.obj (.text:SSIDataPut)
                  0000b116    0000000a                   : ssi.obj (.text:SSIEnable)
                  0000b120    0000000a     rtsv7M4_T_le_v4SPD16_eabi.lib : sprintf.c.obj (.text:_outc)
                  0000b12a    0000000a     empty_pem4f.oem4f (.text:xdc_runtime_IHeap_alloc)
                  0000b134    0000000a     empty_pem4f.oem4f (.text:xdc_runtime_IHeap_free)
                  0000b13e    00000008     grlib.lib : charmap.obj (.text:GrMapISO8859_1_Unicode)
                  0000b146    00000008     driverlib.lib : ssi.obj (.text:SSIBusy)
                  0000b14e    00000002     --HOLE-- [fill = 0]
                  0000b150    00000008     rtsv7M4_T_le_v4SPD16_eabi.lib : errno.c.obj (.text:__aeabi_errno_addr)
                  0000b158    00000008     sysbios.aem4f : BIOS.obj (.text:ti_sysbios_family_arm_lm4_Timer_masterDisable__I)
                  0000b160    00000008                   : BIOS.obj (.text:ti_sysbios_family_arm_m3_Hwi_doSwiRestore__I)
                  0000b168    00000008                   : BIOS.obj (.text:ti_sysbios_family_arm_m3_Hwi_startup__E)
                  0000b170    00000006                   : BIOS.obj (.text:ti_sysbios_family_arm_lm4_TimestampProvider_Module_startup__E)
                  0000b176    00000002     --HOLE-- [fill = 0]
                  0000b178    00000006                   : BIOS.obj (.text:ti_sysbios_family_arm_m3_Hwi_restoreFxn__E)
                  0000b17e    00000002     --HOLE-- [fill = 0]
                  0000b180    00000006                   : BIOS.obj (.text:ti_sysbios_gates_GateHwi_leave__E)
                  0000b186    00000002     --HOLE-- [fill = 0]
                  0000b188    00000006                   : BIOS.obj (.text:ti_sysbios_hal_Timer_start__E)
                  0000b18e    00000002     --HOLE-- [fill = 0]
                  0000b190    00000006                   : BIOS.obj (.text:ti_sysbios_hal_Timer_stop__E)
                  0000b196    00000002     --HOLE-- [fill = 0]
                  0000b198    00000006                   : BIOS.obj (.text:ti_sysbios_knl_Queue_Instance_init__E)
                  0000b19e    00000002     --HOLE-- [fill = 0]
                  0000b1a0    00000006                   : BIOS.obj (.text:ti_sysbios_knl_Swi_startup__E)
                  0000b1a6    00000002     --HOLE-- [fill = 0]
                  0000b1a8    00000004                   : BIOS.obj (.text:ti_sysbios_family_arm_lm4_Timer_getPeriod__E)
                  0000b1ac    00000004     --HOLE-- [fill = 0]
                  0000b1b0    00000004                   : BIOS.obj (.text:ti_sysbios_gates_GateHwi_query__E)
                  0000b1b4    00000004     --HOLE-- [fill = 0]
                  0000b1b8    00000004                   : BIOS.obj (.text:ti_sysbios_gates_GateMutex_query__E)
                  0000b1bc    00000004     --HOLE-- [fill = 0]
                  0000b1c0    00000004                   : BIOS.obj (.text:ti_sysbios_knl_Task_startup__E)
                  0000b1c4    00000004     --HOLE-- [fill = 0]
                  0000b1c8    00000002                   : BIOS.obj (.text:ti_sysbios_gates_GateHwi_Instance_init__E)

.const     0    0000b1cc    000056e6     
                  0000b1cc    00001f4e     empty_pem4f.oem4f (.const:xdc_runtime_Text_charTab__A)
                  0000d11a    0000065a     grlib.lib : fontcm14.obj (.const:.string:g_pui8Cm14Data)
                  0000d774    00000108     empty_pem4f.oem4f (.const:xdc_runtime_Text_nodeTab__A)
                  0000d87c    00000101     rtsv7M4_T_le_v4SPD16_eabi.lib : ctype.c.obj (.const:.string:_ctypes_)
                  0000d97d    00000100     paddle games.obj (.const:.string:levelA_Burhegr)
                  0000da7d    00000100     paddle games.obj (.const:.string:levelAxew)
                  0000db7d    00000100     paddle games.obj (.const:.string:levelBananas)
                  0000dc7d    00000100     paddle games.obj (.const:.string:levelBobby_Omby)
                  0000dd7d    00000100     paddle games.obj (.const:.string:levelBub)
                  0000de7d    00000100     paddle games.obj (.const:.string:levelCascade_Badge)
                  0000df7d    00000100     paddle games.obj (.const:.string:levelChiaki)
                  0000e07d    00000100     paddle games.obj (.const:.string:levelChibiYoshi)
                  0000e17d    00000100     paddle games.obj (.const:.string:levelChocolate_Cake)
                  0000e27d    00000100     paddle games.obj (.const:.string:levelDin)
                  0000e37d    00000100     paddle games.obj (.const:.string:levelFAT_Yoshi)
                  0000e47d    00000100     paddle games.obj (.const:.string:levelFalco)
                  0000e57d    00000100     paddle games.obj (.const:.string:levelFarore)
                  0000e67d    00000100     paddle games.obj (.const:.string:levelFire_Flower)
                  0000e77d    00000100     paddle games.obj (.const:.string:levelGreen_Potion)
                  0000e87d    00000100     paddle games.obj (.const:.string:levelHeart_Container)
                  0000e97d    00000100     paddle games.obj (.const:.string:levelKirby)
                  0000ea7d    00000100     paddle games.obj (.const:.string:levelLinky_Boy)
                  0000eb7d    00000100     paddle games.obj (.const:.string:levelLugia)
                  0000ec7d    00000100     paddle games.obj (.const:.string:levelMareep)
                  0000ed7d    00000100     paddle games.obj (.const:.string:levelMeaty_Boy)
                  0000ee7d    00000100     paddle games.obj (.const:.string:levelMonkey)
                  0000ef7d    00000100     paddle games.obj (.const:.string:levelNayru)
                  0000f07d    00000100     paddle games.obj (.const:.string:levelNo_Butter)
                  0000f17d    00000100     paddle games.obj (.const:.string:levelOctorok)
                  0000f27d    00000100     paddle games.obj (.const:.string:levelPacMan_Ghost)
                  0000f37d    00000100     paddle games.obj (.const:.string:levelQuestion_Block)
                  0000f47d    00000100     paddle games.obj (.const:.string:levelSad_Hotdog)
                  0000f57d    00000100     paddle games.obj (.const:.string:levelSamus0)
                  0000f67d    00000100     paddle games.obj (.const:.string:levelSeal)
                  0000f77d    00000100     paddle games.obj (.const:.string:levelShy_Boo)
                  0000f87d    00000100     paddle games.obj (.const:.string:levelShy_Guy)
                  0000f97d    00000100     paddle games.obj (.const:.string:levelSnorlax)
                  0000fa7d    00000100     paddle games.obj (.const:.string:levelSpinner_Badge)
                  0000fb7d    00000100     paddle games.obj (.const:.string:levelThwimp)
                  0000fc7d    00000100     paddle games.obj (.const:.string:levelTyrunt)
                  0000fd7d    00000100     paddle games.obj (.const:.string:levelWAAHHHH)
                  0000fe7d    00000100     paddle games.obj (.const:.string:levelWhomp)
                  0000ff7d    00000100     paddle games.obj (.const:.string:levelYoshiEgg)
                  0001007d    00000100     paddle games.obj (.const:.string:levelhahaBenis)
                  0001017d    00000001     empty_pem4f.oem4f (.const:xdc_runtime_Error_policy__C)
                  0001017e    00000002     empty_pem4f.oem4f (.const:ti_catalog_arm_cortexm4_tiva_ce_Boot_Module__id__C)
                  00010180    000000c8     grlib.lib : fontcm14.obj (.const:g_sFontCm14)
                  00010248    00000090     driverlib.lib : gpio.obj (.const:g_pui32GPIOBaseAddrs)
                  000102d8    00000060     empty_pem4f.oem4f (.const:ti_uia_loggers_LoggerStopMode_Module__FXNS__C)
                  00010338    00000048     empty_pem4f.oem4f (.const:.string)
                  00010380    0000002c     empty_pem4f.oem4f (.const:xdc_runtime_Startup_sfxnTab__A)
                  000103ac    00000028     Kentec320x240x16_ssd2119_spi.obj (.const:g_sKentec320x240x16_SSD2119)
                  000103d4    00000028     empty_pem4f.oem4f (.const:ti_uia_loggers_LoggerStopMode_Object__PARAMS__C)
                  000103fc    00000028     empty_pem4f.oem4f (.const:xdc_runtime_HeapStd_Module__FXNS__C)
                  00010424    00000024     empty_pem4f.oem4f (.const:ti_sysbios_gates_GateHwi_Module__FXNS__C)
                  00010448    00000024     empty_pem4f.oem4f (.const:ti_sysbios_gates_GateMutex_Module__FXNS__C)
                  0001046c    00000024     empty_pem4f.oem4f (.const:ti_sysbios_knl_Semaphore_Object__PARAMS__C)
                  00010490    00000020     empty_pem4f.oem4f (.const:ti_sysbios_gates_GateHwi_Object__DESC__C)
                  000104b0    00000020     empty_pem4f.oem4f (.const:ti_sysbios_gates_GateMutex_Object__DESC__C)
                  000104d0    00000020     empty_pem4f.oem4f (.const:ti_sysbios_knl_Queue_Object__DESC__C)
                  000104f0    00000020     empty_pem4f.oem4f (.const:ti_sysbios_knl_Semaphore_Object__DESC__C)
                  00010510    00000020     empty_pem4f.oem4f (.const:ti_uia_loggers_LoggerStopMode_Object__DESC__C)
                  00010530    00000020     empty_pem4f.oem4f (.const:xdc_runtime_HeapStd_Object__DESC__C)
                  00010550    0000001c     empty_pem4f.oem4f (.const:xdc_runtime_HeapStd_Object__PARAMS__C)
                  0001056c    00000018     empty_pem4f.oem4f (.const:ti_sysbios_gates_GateHwi_Object__PARAMS__C)
                  00010584    00000018     empty_pem4f.oem4f (.const:ti_sysbios_gates_GateMutex_Object__PARAMS__C)
                  0001059c    00000018     empty_pem4f.oem4f (.const:ti_sysbios_knl_Queue_Object__PARAMS__C)
                  000105b4    00000016     empty_pem4f.oem4f (.const:xdc_runtime_Startup_sfxnRts__A)
                  000105ca    00000002     empty_pem4f.oem4f (.const:ti_sysbios_family_arm_lm4_TimestampProvider_useClockTimer__C)
                  000105cc    00000014     empty_pem4f.oem4f (.const:xdc_runtime_Startup_firstFxns__A)
                  000105e0    00000011     ti.targets.arm.rtsarm.aem4f : System.oem4f (.const:.string)
                  000105f1    00000001     --HOLE-- [fill = 0]
                  000105f2    00000002     empty_pem4f.oem4f (.const:ti_sysbios_family_arm_m3_Hwi_Module__id__C)
                  000105f4    00000010     grlib.lib : context.obj (.const)
                  00010604    00000008     empty_pem4f.oem4f (.const)
                  0001060c    00000008     empty_pem4f.oem4f (.const:ti_sysbios_family_arm_m3_Hwi_excHookFuncs__A)
                  00010614    00000008     empty_pem4f.oem4f (.const:ti_sysbios_knl_Idle_funcList__A)
                  0001061c    00000008     empty_pem4f.oem4f (.const:ti_sysbios_knl_Idle_funcList__C)
                  00010624    00000008     empty_pem4f.oem4f (.const:xdc_runtime_Startup_firstFxns__C)
                  0001062c    00000008     empty_pem4f.oem4f (.const:xdc_runtime_Startup_lastFxns__C)
                  00010634    00000004     empty_pem4f.oem4f (.const:ti_catalog_arm_cortexm4_tiva_ce_Boot_A_mustUseEnhancedClockMode__C)
                  00010638    00000004     empty_pem4f.oem4f (.const:ti_catalog_arm_cortexm4_tiva_ce_Boot_Module__diagsEnabled__C)
                  0001063c    00000004     empty_pem4f.oem4f (.const:ti_catalog_arm_cortexm4_tiva_ce_Boot_Module__diagsIncluded__C)
                  00010640    00000004     empty_pem4f.oem4f (.const:ti_catalog_arm_cortexm4_tiva_ce_Boot_Module__diagsMask__C)
                  00010644    00000004     empty_pem4f.oem4f (.const:ti_sysbios_family_arm_lm4_Timer_enableFunc__C)
                  00010648    00000004     empty_pem4f.oem4f (.const:ti_sysbios_family_arm_lm4_Timer_numTimerDevices__C)
                  0001064c    00000004     empty_pem4f.oem4f (.const:ti_sysbios_family_arm_lm4_Timer_startupNeeded__C)
                  00010650    00000004     empty_pem4f.oem4f (.const:ti_sysbios_family_arm_m3_Hwi_E_NMI__C)
                  00010654    00000004     empty_pem4f.oem4f (.const:ti_sysbios_family_arm_m3_Hwi_E_busFault__C)
                  00010658    00000004     empty_pem4f.oem4f (.const:ti_sysbios_family_arm_m3_Hwi_E_debugMon__C)
                  0001065c    00000004     empty_pem4f.oem4f (.const:ti_sysbios_family_arm_m3_Hwi_E_hardFault__C)
                  00010660    00000004     empty_pem4f.oem4f (.const:ti_sysbios_family_arm_m3_Hwi_E_memFault__C)
                  00010664    00000004     empty_pem4f.oem4f (.const:ti_sysbios_family_arm_m3_Hwi_E_noIsr__C)
                  00010668    00000004     empty_pem4f.oem4f (.const:ti_sysbios_family_arm_m3_Hwi_E_reserved__C)
                  0001066c    00000004     empty_pem4f.oem4f (.const:ti_sysbios_family_arm_m3_Hwi_E_svCall__C)
                  00010670    00000004     empty_pem4f.oem4f (.const:ti_sysbios_family_arm_m3_Hwi_E_usageFault__C)
                  00010674    00000004     empty_pem4f.oem4f (.const:ti_sysbios_family_arm_m3_Hwi_LD_end__C)
                  00010678    00000004     empty_pem4f.oem4f (.const:ti_sysbios_family_arm_m3_Hwi_LM_begin__C)
                  0001067c    00000004     empty_pem4f.oem4f (.const:ti_sysbios_family_arm_m3_Hwi_Module__diagsEnabled__C)
                  00010680    00000004     empty_pem4f.oem4f (.const:ti_sysbios_family_arm_m3_Hwi_Module__diagsIncluded__C)
                  00010684    00000004     empty_pem4f.oem4f (.const:ti_sysbios_family_arm_m3_Hwi_Module__diagsMask__C)
                  00010688    00000004     empty_pem4f.oem4f (.const:ti_sysbios_family_arm_m3_Hwi_Module__loggerFxn1__C)
                  0001068c    00000004     empty_pem4f.oem4f (.const:ti_sysbios_family_arm_m3_Hwi_Module__loggerFxn8__C)
                  00010690    00000004     empty_pem4f.oem4f (.const:ti_sysbios_family_arm_m3_Hwi_Module__loggerObj__C)
                  00010694    00000004     empty_pem4f.oem4f (.const:ti_sysbios_family_arm_m3_Hwi_NUM_INTERRUPTS__C)
                  00010698    00000004     empty_pem4f.oem4f (.const:ti_sysbios_family_arm_m3_Hwi_Object__count__C)
                  0001069c    00000004     empty_pem4f.oem4f (.const:ti_sysbios_family_arm_m3_Hwi_ccr__C)
                  000106a0    00000004     empty_pem4f.oem4f (.const:ti_sysbios_family_arm_m3_Hwi_excHandlerFunc__C)
                  000106a4    00000004     empty_pem4f.oem4f (.const:ti_sysbios_family_arm_m3_Hwi_excHookFuncs__C)
                  000106a8    00000004     empty_pem4f.oem4f (.const:ti_sysbios_family_arm_m3_Hwi_nullIsrFunc__C)
                  000106ac    00000004     empty_pem4f.oem4f (.const:ti_sysbios_family_arm_m3_Hwi_priGroup__C)
                  000106b0    00000004     empty_pem4f.oem4f (.const:ti_sysbios_gates_GateMutex_A_badContext__C)
                  000106b4    00000004     empty_pem4f.oem4f (.const:ti_sysbios_gates_GateMutex_Instance_State_sem__O)
                  000106b8    00000004     empty_pem4f.oem4f (.const:ti_sysbios_gates_GateMutex_Module__diagsEnabled__C)
                  000106bc    00000004     empty_pem4f.oem4f (.const:ti_sysbios_gates_GateMutex_Module__diagsIncluded__C)
                  000106c0    00000004     empty_pem4f.oem4f (.const:ti_sysbios_gates_GateMutex_Module__diagsMask__C)
                  000106c4    00000004     empty_pem4f.oem4f (.const:ti_sysbios_hal_Hwi_E_stackOverflow__C)
                  000106c8    00000004     empty_pem4f.oem4f (.const:ti_sysbios_heaps_HeapMem_Object__count__C)
                  000106cc    00000004     empty_pem4f.oem4f (.const:ti_sysbios_knl_Clock_LM_begin__C)
                  000106d0    00000004     empty_pem4f.oem4f (.const:ti_sysbios_knl_Clock_LM_tick__C)
                  000106d4    00000004     empty_pem4f.oem4f (.const:ti_sysbios_knl_Clock_LW_delayed__C)
                  000106d8    00000004     empty_pem4f.oem4f (.const:ti_sysbios_knl_Clock_Module_State_clockQ__O)
                  000106dc    00000004     empty_pem4f.oem4f (.const:ti_sysbios_knl_Clock_Module__diagsEnabled__C)
                  000106e0    00000004     empty_pem4f.oem4f (.const:ti_sysbios_knl_Clock_Module__diagsIncluded__C)
                  000106e4    00000004     empty_pem4f.oem4f (.const:ti_sysbios_knl_Clock_Module__diagsMask__C)
                  000106e8    00000004     empty_pem4f.oem4f (.const:ti_sysbios_knl_Clock_Module__loggerFxn1__C)
                  000106ec    00000004     empty_pem4f.oem4f (.const:ti_sysbios_knl_Clock_Module__loggerFxn2__C)
                  000106f0    00000004     empty_pem4f.oem4f (.const:ti_sysbios_knl_Clock_Module__loggerObj__C)
                  000106f4    00000004     empty_pem4f.oem4f (.const:ti_sysbios_knl_Semaphore_A_badContext__C)
                  000106f8    00000004     empty_pem4f.oem4f (.const:ti_sysbios_knl_Semaphore_A_noEvents__C)
                  000106fc    00000004     empty_pem4f.oem4f (.const:ti_sysbios_knl_Semaphore_A_overflow__C)
                  00010700    00000004     empty_pem4f.oem4f (.const:ti_sysbios_knl_Semaphore_A_pendTaskDisabled__C)
                  00010704    00000004     empty_pem4f.oem4f (.const:ti_sysbios_knl_Semaphore_Instance_State_pendQ__O)
                  00010708    00000004     empty_pem4f.oem4f (.const:ti_sysbios_knl_Semaphore_LM_pend__C)
                  0001070c    00000004     empty_pem4f.oem4f (.const:ti_sysbios_knl_Semaphore_LM_post__C)
                  00010710    00000004     empty_pem4f.oem4f (.const:ti_sysbios_knl_Semaphore_Module__diagsEnabled__C)
                  00010714    00000004     empty_pem4f.oem4f (.const:ti_sysbios_knl_Semaphore_Module__diagsIncluded__C)
                  00010718    00000004     empty_pem4f.oem4f (.const:ti_sysbios_knl_Semaphore_Module__diagsMask__C)
                  0001071c    00000004     empty_pem4f.oem4f (.const:ti_sysbios_knl_Semaphore_Module__loggerFxn2__C)
                  00010720    00000004     empty_pem4f.oem4f (.const:ti_sysbios_knl_Semaphore_Module__loggerFxn4__C)
                  00010724    00000004     empty_pem4f.oem4f (.const:ti_sysbios_knl_Semaphore_Module__loggerObj__C)
                  00010728    00000004     empty_pem4f.oem4f (.const:ti_sysbios_knl_Swi_LD_end__C)
                  0001072c    00000004     empty_pem4f.oem4f (.const:ti_sysbios_knl_Swi_LM_begin__C)
                  00010730    00000004     empty_pem4f.oem4f (.const:ti_sysbios_knl_Swi_LM_post__C)
                  00010734    00000004     empty_pem4f.oem4f (.const:ti_sysbios_knl_Swi_Module__diagsEnabled__C)
                  00010738    00000004     empty_pem4f.oem4f (.const:ti_sysbios_knl_Swi_Module__diagsIncluded__C)
                  0001073c    00000004     empty_pem4f.oem4f (.const:ti_sysbios_knl_Swi_Module__diagsMask__C)
                  00010740    00000004     empty_pem4f.oem4f (.const:ti_sysbios_knl_Swi_Module__loggerFxn1__C)
                  00010744    00000004     empty_pem4f.oem4f (.const:ti_sysbios_knl_Swi_Module__loggerFxn4__C)
                  00010748    00000004     empty_pem4f.oem4f (.const:ti_sysbios_knl_Swi_Module__loggerObj__C)
                  0001074c    00000004     empty_pem4f.oem4f (.const:ti_sysbios_knl_Swi_Object__count__C)
                  00010750    00000004     empty_pem4f.oem4f (.const:ti_sysbios_knl_Task_E_spOutOfBounds__C)
                  00010754    00000004     empty_pem4f.oem4f (.const:ti_sysbios_knl_Task_E_stackOverflow__C)
                  00010758    00000004     empty_pem4f.oem4f (.const:ti_sysbios_knl_Task_LD_block__C)
                  0001075c    00000004     empty_pem4f.oem4f (.const:ti_sysbios_knl_Task_LD_exit__C)
                  00010760    00000004     empty_pem4f.oem4f (.const:ti_sysbios_knl_Task_LD_ready__C)
                  00010764    00000004     empty_pem4f.oem4f (.const:ti_sysbios_knl_Task_LM_switch__C)
                  00010768    00000004     empty_pem4f.oem4f (.const:ti_sysbios_knl_Task_Module_State_inactiveQ__O)
                  0001076c    00000004     empty_pem4f.oem4f (.const:ti_sysbios_knl_Task_Module__diagsEnabled__C)
                  00010770    00000004     empty_pem4f.oem4f (.const:ti_sysbios_knl_Task_Module__diagsIncluded__C)
                  00010774    00000004     empty_pem4f.oem4f (.const:ti_sysbios_knl_Task_Module__diagsMask__C)
                  00010778    00000004     empty_pem4f.oem4f (.const:ti_sysbios_knl_Task_Module__loggerFxn2__C)
                  0001077c    00000004     empty_pem4f.oem4f (.const:ti_sysbios_knl_Task_Module__loggerFxn4__C)
                  00010780    00000004     empty_pem4f.oem4f (.const:ti_sysbios_knl_Task_Module__loggerObj__C)
                  00010784    00000004     empty_pem4f.oem4f (.const:ti_sysbios_knl_Task_Object__count__C)
                  00010788    00000004     empty_pem4f.oem4f (.const:ti_sysbios_knl_Task_allBlockedFunc__C)
                  0001078c    00000004     empty_pem4f.oem4f (.const:ti_sysbios_knl_Task_numConstructedTasks__C)
                  00010790    00000004     empty_pem4f.oem4f (.const:ti_sysbios_utils_Load_LS_cpuLoad__C)
                  00010794    00000004     empty_pem4f.oem4f (.const:ti_sysbios_utils_Load_Module__diagsEnabled__C)
                  00010798    00000004     empty_pem4f.oem4f (.const:ti_sysbios_utils_Load_Module__diagsIncluded__C)
                  0001079c    00000004     empty_pem4f.oem4f (.const:ti_sysbios_utils_Load_Module__diagsMask__C)
                  000107a0    00000004     empty_pem4f.oem4f (.const:ti_sysbios_utils_Load_Module__loggerFxn1__C)
                  000107a4    00000004     empty_pem4f.oem4f (.const:ti_sysbios_utils_Load_Module__loggerObj__C)
                  000107a8    00000004     empty_pem4f.oem4f (.const:ti_sysbios_utils_Load_postUpdate__C)
                  000107ac    00000004     empty_pem4f.oem4f (.const:ti_sysbios_utils_Load_windowInMs__C)
                  000107b0    00000004     empty_pem4f.oem4f (.const:ti_uia_loggers_LoggerStopMode_Module__diagsEnabled__C)
                  000107b4    00000004     empty_pem4f.oem4f (.const:ti_uia_loggers_LoggerStopMode_Module__diagsIncluded__C)
                  000107b8    00000004     empty_pem4f.oem4f (.const:ti_uia_loggers_LoggerStopMode_Module__diagsMask__C)
                  000107bc    00000004     empty_pem4f.oem4f (.const:ti_uia_loggers_LoggerStopMode_Object__count__C)
                  000107c0    00000004     empty_pem4f.oem4f (.const:ti_uia_runtime_ILoggerSnapshot_Interface__BASE__C)
                  000107c4    00000004     empty_pem4f.oem4f (.const:ti_uia_runtime_IUIATransfer_Interface__BASE__C)
                  000107c8    00000004     empty_pem4f.oem4f (.const:xdc_runtime_Assert_E_assertFailed__C)
                  000107cc    00000004     empty_pem4f.oem4f (.const:xdc_runtime_Core_A_initializedParams__C)
                  000107d0    00000004     empty_pem4f.oem4f (.const:xdc_runtime_Core_Module__diagsEnabled__C)
                  000107d4    00000004     empty_pem4f.oem4f (.const:xdc_runtime_Core_Module__diagsIncluded__C)
                  000107d8    00000004     empty_pem4f.oem4f (.const:xdc_runtime_Core_Module__diagsMask__C)
                  000107dc    00000004     empty_pem4f.oem4f (.const:xdc_runtime_Error_E_memory__C)
                  000107e0    00000004     empty_pem4f.oem4f (.const:xdc_runtime_Error_Module__diagsEnabled__C)
                  000107e4    00000004     empty_pem4f.oem4f (.const:xdc_runtime_Error_Module__diagsIncluded__C)
                  000107e8    00000004     empty_pem4f.oem4f (.const:xdc_runtime_Error_Module__diagsMask__C)
                  000107ec    00000004     empty_pem4f.oem4f (.const:xdc_runtime_Error_Module__loggerFxn8__C)
                  000107f0    00000004     empty_pem4f.oem4f (.const:xdc_runtime_Error_Module__loggerObj__C)
                  000107f4    00000004     empty_pem4f.oem4f (.const:xdc_runtime_Error_policyFxn__C)
                  000107f8    00000004     empty_pem4f.oem4f (.const:xdc_runtime_Error_raiseHook__C)
                  000107fc    00000004     empty_pem4f.oem4f (.const:xdc_runtime_HeapStd_A_align__C)
                  00010800    00000004     empty_pem4f.oem4f (.const:xdc_runtime_HeapStd_A_invalidTotalFreeSize__C)
                  00010804    00000004     empty_pem4f.oem4f (.const:xdc_runtime_HeapStd_A_zeroSize__C)
                  00010808    00000004     empty_pem4f.oem4f (.const:xdc_runtime_HeapStd_E_noRTSMemory__C)
                  0001080c    00000004     empty_pem4f.oem4f (.const:xdc_runtime_HeapStd_Module__diagsEnabled__C)
                  00010810    00000004     empty_pem4f.oem4f (.const:xdc_runtime_HeapStd_Module__diagsIncluded__C)
                  00010814    00000004     empty_pem4f.oem4f (.const:xdc_runtime_HeapStd_Module__diagsMask__C)
                  00010818    00000004     empty_pem4f.oem4f (.const:xdc_runtime_IFilterLogger_Interface__BASE__C)
                  0001081c    00000004     empty_pem4f.oem4f (.const:xdc_runtime_IGateProvider_Interface__BASE__C)
                  00010820    00000004     empty_pem4f.oem4f (.const:xdc_runtime_IHeap_Interface__BASE__C)
                  00010824    00000004     empty_pem4f.oem4f (.const:xdc_runtime_ILogger_Interface__BASE__C)
                  00010828    00000004     empty_pem4f.oem4f (.const:xdc_runtime_IModule_Interface__BASE__C)
                  0001082c    00000004     empty_pem4f.oem4f (.const:xdc_runtime_Log_L_error__C)
                  00010830    00000004     empty_pem4f.oem4f (.const:xdc_runtime_Memory_defaultHeapInstance__C)
                  00010834    00000004     empty_pem4f.oem4f (.const:xdc_runtime_Startup_execImpl__C)
                  00010838    00000004     empty_pem4f.oem4f (.const:xdc_runtime_Startup_lastFxns__A)
                  0001083c    00000004     empty_pem4f.oem4f (.const:xdc_runtime_Startup_maxPasses__C)
                  00010840    00000004     empty_pem4f.oem4f (.const:xdc_runtime_Startup_sfxnRts__C)
                  00010844    00000004     empty_pem4f.oem4f (.const:xdc_runtime_Startup_sfxnTab__C)
                  00010848    00000004     empty_pem4f.oem4f (.const:xdc_runtime_SysMin_bufSize__C)
                  0001084c    00000004     empty_pem4f.oem4f (.const:xdc_runtime_SysMin_outputFunc__C)
                  00010850    00000004     empty_pem4f.oem4f (.const:xdc_runtime_System_Module__gateObj__C)
                  00010854    00000004     empty_pem4f.oem4f (.const:xdc_runtime_System_abortFxn__C)
                  00010858    00000004     empty_pem4f.oem4f (.const:xdc_runtime_System_exitFxn__C)
                  0001085c    00000004     empty_pem4f.oem4f (.const:xdc_runtime_System_extendFxn__C)
                  00010860    00000004     empty_pem4f.oem4f (.const:xdc_runtime_System_maxAtexitHandlers__C)
                  00010864    00000004     empty_pem4f.oem4f (.const:xdc_runtime_Text_charTab__C)
                  00010868    00000004     empty_pem4f.oem4f (.const:xdc_runtime_Text_nameEmpty__C)
                  0001086c    00000004     empty_pem4f.oem4f (.const:xdc_runtime_Text_nameStatic__C)
                  00010870    00000004     empty_pem4f.oem4f (.const:xdc_runtime_Text_nameUnknown__C)
                  00010874    00000004     empty_pem4f.oem4f (.const:xdc_runtime_Text_nodeTab__C)
                  00010878    00000004     empty_pem4f.oem4f (.const:xdc_runtime_Text_visitRopeFxn__C)
                  0001087c    00000002     empty_pem4f.oem4f (.const:ti_sysbios_family_arm_m3_Hwi_Module__loggerDefined__C)
                  0001087e    00000002     empty_pem4f.oem4f (.const:ti_sysbios_gates_GateMutex_Module__id__C)
                  00010880    00000002     empty_pem4f.oem4f (.const:ti_sysbios_hal_Hwi_Module__id__C)
                  00010882    00000002     empty_pem4f.oem4f (.const:ti_sysbios_knl_Clock_Module__id__C)
                  00010884    00000002     empty_pem4f.oem4f (.const:ti_sysbios_knl_Clock_Module__loggerDefined__C)
                  00010886    00000002     empty_pem4f.oem4f (.const:ti_sysbios_knl_Semaphore_Module__id__C)
                  00010888    00000002     empty_pem4f.oem4f (.const:ti_sysbios_knl_Semaphore_Module__loggerDefined__C)
                  0001088a    00000002     empty_pem4f.oem4f (.const:ti_sysbios_knl_Swi_Module__id__C)
                  0001088c    00000002     empty_pem4f.oem4f (.const:ti_sysbios_knl_Swi_Module__loggerDefined__C)
                  0001088e    00000002     empty_pem4f.oem4f (.const:ti_sysbios_knl_Task_Module__id__C)
                  00010890    00000002     empty_pem4f.oem4f (.const:ti_sysbios_knl_Task_Module__loggerDefined__C)
                  00010892    00000002     empty_pem4f.oem4f (.const:ti_sysbios_knl_Task_initStackFlag__C)
                  00010894    00000002     empty_pem4f.oem4f (.const:ti_sysbios_utils_Load_Module__id__C)
                  00010896    00000002     empty_pem4f.oem4f (.const:ti_sysbios_utils_Load_Module__loggerDefined__C)
                  00010898    00000002     empty_pem4f.oem4f (.const:ti_sysbios_utils_Load_updateInIdle__C)
                  0001089a    00000002     empty_pem4f.oem4f (.const:ti_uia_loggers_LoggerStopMode_Module__id__C)
                  0001089c    00000002     empty_pem4f.oem4f (.const:ti_uia_loggers_LoggerStopMode_isTimestampEnabled__C)
                  0001089e    00000002     empty_pem4f.oem4f (.const:xdc_runtime_Core_Module__id__C)
                  000108a0    00000002     empty_pem4f.oem4f (.const:xdc_runtime_Error_Module__loggerDefined__C)
                  000108a2    00000002     empty_pem4f.oem4f (.const:xdc_runtime_Error_maxDepth__C)
                  000108a4    00000002     empty_pem4f.oem4f (.const:xdc_runtime_HeapStd_Module__id__C)
                  000108a6    00000002     empty_pem4f.oem4f (.const:xdc_runtime_Memory_Module__id__C)
                  000108a8    00000002     empty_pem4f.oem4f (.const:xdc_runtime_SysMin_flushAtExit__C)
                  000108aa    00000002     empty_pem4f.oem4f (.const:xdc_runtime_Text_charCnt__C)
                  000108ac    00000002     empty_pem4f.oem4f (.const:xdc_runtime_Text_isLoaded__C)
                  000108ae    00000002     empty_pem4f.oem4f (.const:xdc_runtime_Text_registryModsLastId__C)
                  000108b0    00000002     empty_pem4f.oem4f (.const:xdc_runtime_Text_unnamedModsLastId__C)

.cinit     0    000108b8    000002b0     
                  000108b8    0000027c     (.cinit..data.load) [load image, compression = lzss]
                  00010b34    0000000c     (__TI_handler_table)
                  00010b40    00000008     (.cinit..bss.load) [load image, compression = zero_init]
                  00010b48    00000008     (.cinit..vecs.load) [load image, compression = zero_init]
                  00010b50    00000018     (__TI_cinit_table)

.init_array 
*          0    00000000    00000000     UNINITIALIZED

.bss       0    20000380    00001d30     UNINITIALIZED
                  20000380    00000800     empty_pem4f.oem4f (.bss:taskStackSection)
                  20000b80    00000400     (.common:ti_uia_loggers_LoggerStopMode_Instance_State_1_packetArray__A)
                  20000f80    00000400     (.common:ti_uia_loggers_LoggerStopMode_Instance_State_2_packetArray__A)
                  20001380    00000400     (.common:xdc_runtime_SysMin_Module_State_0_outbuf__A)
                  20001780    00000360     (.common:ti_sysbios_family_arm_m3_Hwi_dispatchTable)
                  20001ae0    00000008     (.common:parmbuf)
                  20001ae8    00000004     (.common:MAX_X_SIZE)
                  20001aec    00000004     (.common:MAX_Y_SIZE)
                  20001af0    00000004     (.common:g_psGrLibDefaults)
                  20001af4    0000000c     --HOLE--
                  20001b00    00000200     (.common:ti_uia_loggers_LoggerStopMode_Instance_State_0_packetArray__A)
                  20001d00    00000120     rtsv7M4_T_le_v4SPD16_eabi.lib : trgmsg.c.obj (.bss:_CIOBUF_)
                  20001e20    00000100     (.common:blockGrid)
                  20001f20    0000002c     (.common:sContext)
                  20001f4c    00000034     --HOLE--
                  20001f80    00000030     (.common:ti_uia_loggers_LoggerStopMode_Instance_State_0_hdr__A)
                  20001fb0    00000050     --HOLE--
                  20002000    00000030     (.common:ti_uia_loggers_LoggerStopMode_Instance_State_1_hdr__A)
                  20002030    00000050     --HOLE--
                  20002080    00000030     (.common:ti_uia_loggers_LoggerStopMode_Instance_State_2_hdr__A)

.data      0    200020b0    00000690     UNINITIALIZED
                  200020b0    00000100     empty_pem4f.oem4f (.data:ti_sysbios_family_arm_lm4_Timer_Object__table__V)
                  200021b0    0000009c     empty_pem4f.oem4f (.data:ti_uia_loggers_LoggerStopMode_Object__table__V)
                  2000224c    00000098     empty_pem4f.oem4f (.data:ti_sysbios_utils_Load_Module__state__V)
                  200022e4    00000080     empty_pem4f.oem4f (.data:ti_sysbios_knl_Swi_Module_State_0_readyQ__A)
                  20002364    00000080     empty_pem4f.oem4f (.data:ti_sysbios_knl_Task_Module_State_0_readyQ__A)
                  200023e4    00000060     empty_pem4f.oem4f (.data:ti_sysbios_family_arm_m3_Hwi_Object__table__V)
                  20002444    0000004c     empty_pem4f.oem4f (.data:ti_sysbios_knl_Task_Object__table__V)
                  20002490    00000044     empty_pem4f.oem4f (.data:ti_sysbios_knl_Task_Module__state__V)
                  200024d4    00000038     empty_pem4f.oem4f (.data:ti_sysbios_gates_GateMutex_Object__table__V)
                  2000250c    00000034     empty_pem4f.oem4f (.data:ti_sysbios_family_arm_m3_Hwi_Module__state__V)
                  20002540    00000030     empty_pem4f.oem4f (.data:ti_sysbios_family_arm_lm4_Timer_Module_State_0_device__A)
                  20002570    00000030     empty_pem4f.oem4f (.data:ti_sysbios_knl_Swi_Object__table__V)
                  200025a0    0000002c     empty_pem4f.oem4f (.data:ti_sysbios_knl_Clock_Module__state__V)
                  200025cc    00000024     paddle games.obj (.data)
                  200025f0    00000024     empty_pem4f.oem4f (.data:ti_sysbios_BIOS_Module__state__V)
                  20002614    00000020     empty_pem4f.oem4f (.data:xdc_runtime_System_Module_State_0_atexitHandlers__A)
                  20002634    0000001c     empty_pem4f.oem4f (.data:ti_sysbios_knl_Swi_Module__state__V)
[...]
00010660  ti_sysbios_family_arm_m3_Hwi_E_memFault__C                        
00010664  ti_sysbios_family_arm_m3_Hwi_E_noIsr__C                           
00010668  ti_sysbios_family_arm_m3_Hwi_E_reserved__C                        
0001066c  ti_sysbios_family_arm_m3_Hwi_E_svCall__C                          
00010670  ti_sysbios_family_arm_m3_Hwi_E_usageFault__C                      
00010674  ti_sysbios_family_arm_m3_Hwi_LD_end__C                            
00010678  ti_sysbios_family_arm_m3_Hwi_LM_begin__C                          
0001067c  ti_sysbios_family_arm_m3_Hwi_Module__diagsEnabled__C              
00010680  ti_sysbios_family_arm_m3_Hwi_Module__diagsIncluded__C             
00010684  ti_sysbios_family_arm_m3_Hwi_Module__diagsMask__C                 
00010688  ti_sysbios_family_arm_m3_Hwi_Module__loggerFxn1__C                
0001068c  ti_sysbios_family_arm_m3_Hwi_Module__loggerFxn8__C                
00010690  ti_sysbios_family_arm_m3_Hwi_Module__loggerObj__C                 
00010694  ti_sysbios_family_arm_m3_Hwi_NUM_INTERRUPTS__C                    
00010698  ti_sysbios_family_arm_m3_Hwi_Object__count__C                     
0001069c  ti_sysbios_family_arm_m3_Hwi_ccr__C                               
000106a0  ti_sysbios_family_arm_m3_Hwi_excHandlerFunc__C                    
000106a4  ti_sysbios_family_arm_m3_Hwi_excHookFuncs__C                      
000106a8  ti_sysbios_family_arm_m3_Hwi_nullIsrFunc__C                       
000106ac  ti_sysbios_family_arm_m3_Hwi_priGroup__C                          
000106b0  ti_sysbios_gates_GateMutex_A_badContext__C                        
000106b4  ti_sysbios_gates_GateMutex_Instance_State_sem__O                  
000106b8  ti_sysbios_gates_GateMutex_Module__diagsEnabled__C                
000106bc  ti_sysbios_gates_GateMutex_Module__diagsIncluded__C               
000106c0  ti_sysbios_gates_GateMutex_Module__diagsMask__C                   
000106c4  ti_sysbios_hal_Hwi_E_stackOverflow__C                             
000106c8  ti_sysbios_heaps_HeapMem_Object__count__C                         
000106cc  ti_sysbios_knl_Clock_LM_begin__C                                  
000106d0  ti_sysbios_knl_Clock_LM_tick__C                                   
000106d4  ti_sysbios_knl_Clock_LW_delayed__C                                
000106d8  ti_sysbios_knl_Clock_Module_State_clockQ__O                       
000106dc  ti_sysbios_knl_Clock_Module__diagsEnabled__C                      
000106e0  ti_sysbios_knl_Clock_Module__diagsIncluded__C                     
000106e4  ti_sysbios_knl_Clock_Module__diagsMask__C                         
000106e8  ti_sysbios_knl_Clock_Module__loggerFxn1__C                        
000106ec  ti_sysbios_knl_Clock_Module__loggerFxn2__C                        
000106f0  ti_sysbios_knl_Clock_Module__loggerObj__C                         
000106f4  ti_sysbios_knl_Semaphore_A_badContext__C                          
000106f8  ti_sysbios_knl_Semaphore_A_noEvents__C                            
000106fc  ti_sysbios_knl_Semaphore_A_overflow__C                            
00010700  ti_sysbios_knl_Semaphore_A_pendTaskDisabled__C                    
00010704  ti_sysbios_knl_Semaphore_Instance_State_pendQ__O                  
00010708  ti_sysbios_knl_Semaphore_LM_pend__C                               
0001070c  ti_sysbios_knl_Semaphore_LM_post__C                               
00010710  ti_sysbios_knl_Semaphore_Module__diagsEnabled__C                  
00010714  ti_sysbios_knl_Semaphore_Module__diagsIncluded__C                 
00010718  ti_sysbios_knl_Semaphore_Module__diagsMask__C                     
0001071c  ti_sysbios_knl_Semaphore_Module__loggerFxn2__C                    
00010720  ti_sysbios_knl_Semaphore_Module__loggerFxn4__C                    
00010724  ti_sysbios_knl_Semaphore_Module__loggerObj__C                     
00010728  ti_sysbios_knl_Swi_LD_end__C                                      
0001072c  ti_sysbios_knl_Swi_LM_begin__C                                    
00010730  ti_sysbios_knl_Swi_LM_post__C                                     
00010734  ti_sysbios_knl_Swi_Module__diagsEnabled__C                        
00010738  ti_sysbios_knl_Swi_Module__diagsIncluded__C                       
0001073c  ti_sysbios_knl_Swi_Module__diagsMask__C                           
00010740  ti_sysbios_knl_Swi_Module__loggerFxn1__C                          
00010744  ti_sysbios_knl_Swi_Module__loggerFxn4__C                          
00010748  ti_sysbios_knl_Swi_Module__loggerObj__C                           
0001074c  ti_sysbios_knl_Swi_Object__count__C                               
00010750  ti_sysbios_knl_Task_E_spOutOfBounds__C                            
00010754  ti_sysbios_knl_Task_E_stackOverflow__C                            
00010758  ti_sysbios_knl_Task_LD_block__C                                   
0001075c  ti_sysbios_knl_Task_LD_exit__C                                    
00010760  ti_sysbios_knl_Task_LD_ready__C                                   
00010764  ti_sysbios_knl_Task_LM_switch__C                                  
00010768  ti_sysbios_knl_Task_Module_State_inactiveQ__O                     
0001076c  ti_sysbios_knl_Task_Module__diagsEnabled__C                       
00010770  ti_sysbios_knl_Task_Module__diagsIncluded__C                      
00010774  ti_sysbios_knl_Task_Module__diagsMask__C                          
00010778  ti_sysbios_knl_Task_Module__loggerFxn2__C                         
0001077c  ti_sysbios_knl_Task_Module__loggerFxn4__C                         
00010780  ti_sysbios_knl_Task_Module__loggerObj__C                          
00010784  ti_sysbios_knl_Task_Object__count__C                              
00010788  ti_sysbios_knl_Task_allBlockedFunc__C                             
0001078c  ti_sysbios_knl_Task_numConstructedTasks__C                        
00010790  ti_sysbios_utils_Load_LS_cpuLoad__C                               
00010794  ti_sysbios_utils_Load_Module__diagsEnabled__C                     
00010798  ti_sysbios_utils_Load_Module__diagsIncluded__C                    
0001079c  ti_sysbios_utils_Load_Module__diagsMask__C                        
000107a0  ti_sysbios_utils_Load_Module__loggerFxn1__C                       
000107a4  ti_sysbios_utils_Load_Module__loggerObj__C                        
000107a8  ti_sysbios_utils_Load_postUpdate__C                               
000107ac  ti_sysbios_utils_Load_windowInMs__C                               
000107b0  ti_uia_loggers_LoggerStopMode_Module__diagsEnabled__C             
000107b4  ti_uia_loggers_LoggerStopMode_Module__diagsIncluded__C            
000107b8  ti_uia_loggers_LoggerStopMode_Module__diagsMask__C                
000107bc  ti_uia_loggers_LoggerStopMode_Object__count__C                    
000107c0  ti_uia_runtime_ILoggerSnapshot_Interface__BASE__C                 
000107c4  ti_uia_runtime_IUIATransfer_Interface__BASE__C                    
000107c8  xdc_runtime_Assert_E_assertFailed__C                              
000107cc  xdc_runtime_Core_A_initializedParams__C                           
000107d0  xdc_runtime_Core_Module__diagsEnabled__C                          
000107d4  xdc_runtime_Core_Module__diagsIncluded__C                         
000107d8  xdc_runtime_Core_Module__diagsMask__C                             
000107dc  xdc_runtime_Error_E_memory__C                                     
000107e0  xdc_runtime_Error_Module__diagsEnabled__C                         
000107e4  xdc_runtime_Error_Module__diagsIncluded__C                        
000107e8  xdc_runtime_Error_Module__diagsMask__C                            
000107ec  xdc_runtime_Error_Module__loggerFxn8__C                           
000107f0  xdc_runtime_Error_Module__loggerObj__C                            
000107f4  xdc_runtime_Error_policyFxn__C                                    
000107f8  xdc_runtime_Error_raiseHook__C                                    
000107fc  xdc_runtime_HeapStd_A_align__C                                    
00010800  xdc_runtime_HeapStd_A_invalidTotalFreeSize__C                     
00010804  xdc_runtime_HeapStd_A_zeroSize__C                                 
00010808  xdc_runtime_HeapStd_E_noRTSMemory__C                              
0001080c  xdc_runtime_HeapStd_Module__diagsEnabled__C                       
00010810  xdc_runtime_HeapStd_Module__diagsIncluded__C                      
00010814  xdc_runtime_HeapStd_Module__diagsMask__C                          
00010818  xdc_runtime_IFilterLogger_Interface__BASE__C                      
0001081c  xdc_runtime_IGateProvider_Interface__BASE__C                      
00010820  xdc_runtime_IHeap_Interface__BASE__C                              
00010824  xdc_runtime_ILogger_Interface__BASE__C                            
00010828  xdc_runtime_IModule_Interface__BASE__C                            
0001082c  xdc_runtime_Log_L_error__C                                        
00010830  xdc_runtime_Memory_defaultHeapInstance__C                         
00010834  xdc_runtime_Startup_execImpl__C                                   
00010838  xdc_runtime_Startup_lastFxns__A                                   
0001083c  xdc_runtime_Startup_maxPasses__C                                  
00010840  xdc_runtime_Startup_sfxnRts__C                                    
00010844  xdc_runtime_Startup_sfxnTab__C                                    
00010848  xdc_runtime_SysMin_bufSize__C                                     
0001084c  xdc_runtime_SysMin_outputFunc__C                                  
00010850  xdc_runtime_System_Module__gateObj__C                             
00010854  xdc_runtime_System_abortFxn__C                                    
00010858  xdc_runtime_System_exitFxn__C                                     
0001085c  xdc_runtime_System_extendFxn__C                                   
00010860  xdc_runtime_System_maxAtexitHandlers__C                           
00010864  xdc_runtime_Text_charTab__C                                       
00010868  xdc_runtime_Text_nameEmpty__C                                     
0001086c  xdc_runtime_Text_nameStatic__C                                    
00010870  xdc_runtime_Text_nameUnknown__C                                   
00010874  xdc_runtime_Text_nodeTab__C                                       
00010878  xdc_runtime_Text_visitRopeFxn__C                                  
0001087c  ti_sysbios_family_arm_m3_Hwi_Module__loggerDefined__C             
0001087e  ti_sysbios_gates_GateMutex_Module__id__C                          
00010880  ti_sysbios_hal_Hwi_Module__id__C                                  
00010882  ti_sysbios_knl_Clock_Module__id__C                                
00010884  ti_sysbios_knl_Clock_Module__loggerDefined__C                     
00010886  ti_sysbios_knl_Semaphore_Module__id__C                            
00010888  ti_sysbios_knl_Semaphore_Module__loggerDefined__C                 
0001088a  ti_sysbios_knl_Swi_Module__id__C                                  
0001088c  ti_sysbios_knl_Swi_Module__loggerDefined__C                       
0001088e  ti_sysbios_knl_Task_Module__id__C                                 
00010890  ti_sysbios_knl_Task_Module__loggerDefined__C                      
00010892  ti_sysbios_knl_Task_initStackFlag__C                              
00010894  ti_sysbios_utils_Load_Module__id__C                               
00010896  ti_sysbios_utils_Load_Module__loggerDefined__C                    
00010898  ti_sysbios_utils_Load_updateInIdle__C                             
0001089a  ti_uia_loggers_LoggerStopMode_Module__id__C                       
0001089c  ti_uia_loggers_LoggerStopMode_isTimestampEnabled__C               
0001089e  xdc_runtime_Core_Module__id__C                                    
000108a0  xdc_runtime_Error_Module__loggerDefined__C                        
000108a2  xdc_runtime_Error_maxDepth__C                                     
000108a4  xdc_runtime_HeapStd_Module__id__C                                 
000108a6  xdc_runtime_Memory_Module__id__C                                  
000108a8  xdc_runtime_SysMin_flushAtExit__C                                 
000108aa  xdc_runtime_Text_charCnt__C                                       
000108ac  xdc_runtime_Text_isLoaded__C                                      
000108ae  xdc_runtime_Text_registryModsLastId__C                            
000108b0  xdc_runtime_Text_unnamedModsLastId__C                             
000108b8  __TI_static_base__                                                
00010b34  __TI_Handler_Table_Base                                           
00010b40  __TI_Handler_Table_Limit                                          
00010b50  __TI_CINIT_Base                                                   
00010b68  __TI_CINIT_Limit                                                  
20000000  ti_sysbios_family_arm_m3_Hwi_ramVectors                           
20000380  ti_sysbios_knl_Task_Instance_State_0_stack__A                     
20000b80  ti_uia_loggers_LoggerStopMode_Instance_State_1_packetArray__A     
20000f80  ti_uia_loggers_LoggerStopMode_Instance_State_2_packetArray__A     
20001380  xdc_runtime_SysMin_Module_State_0_outbuf__A                       
20001780  ti_sysbios_family_arm_m3_Hwi_dispatchTable                        
20001ae0  parmbuf                                                           
20001ae8  MAX_X_SIZE                                                        
20001aec  MAX_Y_SIZE                                                        
20001b00  ti_uia_loggers_LoggerStopMode_Instance_State_0_packetArray__A     
20001d00  __CIOBUF_                                                         
20001e20  blockGrid                                                         
20001f20  sContext                                                          
20001f80  ti_uia_loggers_LoggerStopMode_Instance_State_0_hdr__A             
20002000  ti_uia_loggers_LoggerStopMode_Instance_State_1_hdr__A             
20002080  ti_uia_loggers_LoggerStopMode_Instance_State_2_hdr__A             
200020b0  ti_sysbios_family_arm_lm4_Timer_Object__table__V                  
200021b0  ti_uia_loggers_LoggerStopMode_Object__table__V                    
2000224c  ti_sysbios_utils_Load_Module__state__V                            
200022e4  ti_sysbios_knl_Swi_Module_State_0_readyQ__A                       
20002364  ti_sysbios_knl_Task_Module_State_0_readyQ__A                      
200023e4  ti_sysbios_family_arm_m3_Hwi_Object__table__V                     
20002444  TSK_idle                                                          
20002444  ti_sysbios_knl_Task_Object__table__V                              
20002490  ti_sysbios_knl_Task_Module__state__V                              
200024d4  ti_sysbios_gates_GateMutex_Object__table__V                       
2000250c  ti_sysbios_family_arm_m3_Hwi_Module__state__V                     
20002540  ti_sysbios_family_arm_lm4_Timer_Module_State_0_device__A          
20002570  ti_sysbios_knl_Swi_Object__table__V                               
200025a0  ti_sysbios_knl_Clock_Module__state__V                             
200025cc  game                                                              
200025cd  selection                                                         
200025d0  numberOfBlocks                                                    
200025d4  level                                                             
200025d8  score                                                             
200025dc  lives                                                             
200025dd  died                                                              
200025e0  ballPosX                                                          
200025e4  ballPosY                                                          
200025e8  ballDirection                                                     
200025ec  leftPaddlePos                                                     
200025f0  ti_sysbios_BIOS_Module__state__V                                  
20002614  xdc_runtime_System_Module_State_0_atexitHandlers__A               
20002634  ti_sysbios_knl_Swi_Module__state__V                               
20002650  ti_sysbios_family_arm_lm4_Timer_Module_State_0_handles__A         
20002668  ti_sysbios_hal_Timer_Object__table__V                             
20002678  ti_sysbios_family_arm_lm4_Timer_Module__state__V                  
20002684  ti_sysbios_knl_Task_Module__root__V                               
20002690  ti_uia_runtime_QueueDescriptor_Module__state__V                   
2000269c  xdc_runtime_HeapStd_Object__table__V                              
200026a8  xdc_runtime_SysMin_Module__state__V                               
200026b4  _lock                                                             
200026b8  _unlock                                                           
200026bc  ti_uia_runtime_QueueDescriptor_gPtrToFirstDescriptor              
200026c0  ti_uia_runtime_QueueDescriptor_gUpdateCount                       
200026c4  ti_sysbios_family_arm_lm4_TimestampProvider_Module__state__V      
200026cc  ti_sysbios_gates_GateHwi_Module__root__V                          
200026d4  ti_sysbios_gates_GateMutex_Module__root__V                        
200026dc  ti_sysbios_knl_Queue_Module__root__V                              
200026e4  ti_sysbios_knl_Semaphore_Module__root__V                          
200026ec  ti_uia_loggers_LoggerStopMode_Module__root__V                     
200026f4  xdc_runtime_HeapStd_Module__root__V                               
200026fc  xdc_runtime_Registry_Module__state__V                             
20002704  xdc_runtime_Startup_Module__state__V                              
2000270c  xdc_runtime_System_Module__state__V                               
20002714  errno                                                             
20002718  main_func_sp                                                      
2000271c  ti_sysbios_family_arm_m3_Hwi_Module_State_0_excContext__A         
20002720  ti_sysbios_family_arm_m3_Hwi_Module_State_0_excStack__A           
20002724  ti_sysbios_gates_GateHwi_Object__table__V                         
20002728  ti_sysbios_knl_Task_Module_State_0_idleTask__A                    
2000272c  ti_sysbios_utils_Load_Module_State_0_runningTask__A               
20002730  ti_sysbios_utils_Load_Module_State_0_taskStartTime__A             
20002734  xdc_runtime_HeapStd_Module__state__V                              
20002738  xdc_runtime_Memory_Module__state__V                               
2000273c  ti_sysbios_family_arm_m3_Hwi_Module_State_0_excActive__A          
2000273e  xdc_runtime_Error_Module__state__V                                
20002740  __stack                                                           
20002940  __STACK_TOP                                                       
20002b40  __STACK_END                                                       
e000e000  ti_sysbios_family_arm_m3_Hwi_nvic                                 
ffffffff  __TI_pprof_out_hndl                                               
ffffffff  __TI_prof_data_size                                               
ffffffff  __TI_prof_data_start                                              
ffffffff  __binit__                                                         
ffffffff  __c_args__                                                        
ffffffff  binit                                                             
UNDEFED   SHT$$INIT_ARRAY$$Base                                             
UNDEFED   SHT$$INIT_ARRAY$$Limit                                            

[797 symbols]
